* This file is a dictionary of all mob identifiers (modname:mobname) to help you.
* The MISC mobs can only be spawned as Psuedo Mobs.  They do not spawn normally.
* Some MISC things like Item Frames won't spawn propery.
* 
minecraft:allay, CREATURE
minecraft:area_effect_cloud, MISC
minecraft:armor_stand, MISC
minecraft:arrow, MISC
minecraft:axolotl, AXOLOTLS
minecraft:bat, AMBIENT
minecraft:bee, CREATURE
minecraft:blaze, MONSTER
minecraft:block_display, MISC
minecraft:boat, MISC
minecraft:camel, CREATURE
minecraft:cat, CREATURE
minecraft:cave_spider, MONSTER
minecraft:chest_boat, MISC
minecraft:chest_minecart, MISC
minecraft:chicken, CREATURE
minecraft:cod, WATER_AMBIENT
minecraft:command_block_minecart, MISC
minecraft:cow, CREATURE
minecraft:creeper, MONSTER
minecraft:dolphin, WATER_CREATURE
minecraft:donkey, CREATURE
minecraft:dragon_fireball, MISC
minecraft:drowned, MONSTER
minecraft:egg, MISC
minecraft:elder_guardian, MONSTER
minecraft:end_crystal, MISC
minecraft:ender_dragon, MONSTER
minecraft:ender_pearl, MISC
minecraft:enderman, MONSTER
minecraft:endermite, MONSTER
minecraft:evoker, MONSTER
minecraft:evoker_fangs, MISC
minecraft:experience_bottle, MISC
minecraft:experience_orb, MISC
minecraft:eye_of_ender, MISC
minecraft:falling_block, MISC
minecraft:firework_rocket, MISC
minecraft:fox, CREATURE
minecraft:frog, CREATURE
minecraft:furnace_minecart, MISC
minecraft:ghast, MONSTER
minecraft:giant, MONSTER
minecraft:glow_item_frame, MISC
minecraft:glow_squid, UNDERGROUND_WATER_CREATURE
minecraft:goat, CREATURE
minecraft:guardian, MONSTER
minecraft:hoglin, MONSTER
minecraft:hopper_minecart, MISC
minecraft:horse, CREATURE
minecraft:husk, MONSTER
minecraft:illusioner, MONSTER
minecraft:interaction, MISC
minecraft:iron_golem, MISC
minecraft:item, MISC
minecraft:item_display, MISC
minecraft:item_frame, MISC
minecraft:fireball, MISC
minecraft:leash_knot, MISC
minecraft:lightning_bolt, MISC
minecraft:llama, CREATURE
minecraft:llama_spit, MISC
minecraft:magma_cube, MONSTER
minecraft:marker, MISC
minecraft:minecart, MISC
minecraft:mooshroom, CREATURE
minecraft:mule, CREATURE
minecraft:ocelot, CREATURE
minecraft:painting, MISC
minecraft:panda, CREATURE
minecraft:parrot, CREATURE
minecraft:phantom, MONSTER
minecraft:pig, CREATURE
minecraft:piglin, MONSTER
minecraft:piglin_brute, MONSTER
minecraft:pillager, MONSTER
minecraft:polar_bear, CREATURE
minecraft:potion, MISC
minecraft:pufferfish, WATER_AMBIENT
minecraft:rabbit, CREATURE
minecraft:ravager, MONSTER
minecraft:salmon, WATER_AMBIENT
minecraft:sheep, CREATURE
minecraft:shulker, MONSTER
minecraft:shulker_bullet, MISC
minecraft:silverfish, MONSTER
minecraft:skeleton, MONSTER
minecraft:skeleton_horse, CREATURE
minecraft:slime, MONSTER
minecraft:small_fireball, MISC
minecraft:sniffer, CREATURE
minecraft:snow_golem, MISC
minecraft:snowball, MISC
minecraft:spawner_minecart, MISC
minecraft:spectral_arrow, MISC
minecraft:spider, MONSTER
minecraft:squid, WATER_CREATURE
minecraft:stray, MONSTER
minecraft:strider, CREATURE
minecraft:tadpole, CREATURE
minecraft:text_display, MISC
minecraft:tnt, MISC
minecraft:tnt_minecart, MISC
minecraft:trader_llama, CREATURE
minecraft:trident, MISC
minecraft:tropical_fish, WATER_AMBIENT
minecraft:turtle, CREATURE
minecraft:vex, MONSTER
minecraft:villager, MISC
minecraft:vindicator, MONSTER
minecraft:wandering_trader, CREATURE
minecraft:warden, MONSTER
minecraft:witch, MONSTER
minecraft:wither, MONSTER
minecraft:wither_skeleton, MONSTER
minecraft:wither_skull, MISC
minecraft:wolf, CREATURE
minecraft:zoglin, MONSTER
minecraft:zombie, MONSTER
minecraft:zombie_horse, CREATURE
minecraft:zombie_villager, MONSTER
minecraft:zombified_piglin, MONSTER
rehooked:direction_cube, MISC
gateways:normal_gateway, MISC
gateways:endless_gateway, MISC
longwings:butterfly, CREATURE
longwings:moth, CREATURE
handcrafted:fancy_painting, MISC
botania:mana_burst, MISC
botania:pixie, MISC
botania:flame_ring, MISC
botania:vine_ball, MISC
botania:doppleganger, MONSTER
botania:magic_landmine, MISC
botania:spark, MISC
botania:thrown_item, MISC
botania:magic_missile, MISC
botania:thorn_chakram, MISC
botania:corporea_spark, MISC
botania:ender_air_bottle, MISC
botania:pool_minecart, MISC
botania:pink_wither, MISC
botania:player_mover, MISC
botania:mana_storm, MISC
botania:babylon_weapon, MISC
botania:falling_star, MISC
botania:ender_air, MISC
more_bows_and_arrows:normal_arrow, MISC
more_bows_and_arrows:really_big_arrow, MISC
more_bows_and_arrows:amethyst_arrow, MISC
more_bows_and_arrows:bamboo_arrow, MISC
more_bows_and_arrows:blaze_rod_arrow, MISC
more_bows_and_arrows:bone_arrow, MISC
more_bows_and_arrows:cactus_arrow, MISC
more_bows_and_arrows:coal_arrow, MISC
more_bows_and_arrows:copper_arrow, MISC
more_bows_and_arrows:diamond_arrow, MISC
more_bows_and_arrows:emerald_arrow, MISC
more_bows_and_arrows:ender_pearl_arrow, MISC
more_bows_and_arrows:flint_and_steel_arrow, MISC
more_bows_and_arrows:flint_arrow, MISC
more_bows_and_arrows:gold_arrow, MISC
more_bows_and_arrows:iron_arrow, MISC
more_bows_and_arrows:lapis_arrow, MISC
more_bows_and_arrows:moss_arrow, MISC
more_bows_and_arrows:netherite_arrow, MISC
more_bows_and_arrows:obsidian_arrow, MISC
more_bows_and_arrows:paper_arrow, MISC
more_bows_and_arrows:tnt_arrow, MISC
trials:bogged, MONSTER
trials:breeze, MONSTER
trials:wind_charge, MISC
confluence:bee_projectile, MISC
confluence:star_cloak, MISC
confluence:step_stool, MISC
tameablebeasts:tameable_racoon, CREATURE
tameablebeasts:tameable_penguin, CREATURE
tameablebeasts:tameable_chikote, CREATURE
tameablebeasts:scarecrow_allay, CREATURE
tameablebeasts:tameable_beetle, CREATURE
tameablebeasts:beetle_drone, CREATURE
tameablebeasts:quetzalcoatlus, CREATURE
tameablebeasts:giant_grasshopper, CREATURE
tameablebeasts:ground_beetle, CREATURE
tameablebeasts:giant_roly_poly, CREATURE
tameablebeasts:fur_golem, CREATURE
tameablebeasts:crested_gecko, CREATURE
tameablebeasts:argentavis, CREATURE
tameablebeasts:graptera, CREATURE
tameablebeasts:bird_bait_arrow, MISC
tameablebeasts:ptera_meal_arrow, MISC
mutantmonsters:creeper_minion, MISC
mutantmonsters:mutant_creeper, MONSTER
mutantmonsters:mutant_enderman, MONSTER
mutantmonsters:mutant_skeleton, MONSTER
mutantmonsters:mutant_snow_golem, MISC
mutantmonsters:mutant_zombie, MONSTER
mutantmonsters:spider_pig, CREATURE
mutantmonsters:body_part, MISC
mutantmonsters:creeper_minion_egg, MISC
mutantmonsters:endersoul_clone, MONSTER
mutantmonsters:endersoul_fragment, MISC
mutantmonsters:throwable_block, MISC
mutantmonsters:mutant_arrow, MISC
mutantmonsters:skull_spirit, MISC
endertrigon:dragon_flame, MISC
endertrigon:baby_ender_dragon, MONSTER
connectiblechains:chain_knot, MISC
kobolds:kobold, MISC
kobolds:kobold_warrior, MISC
kobolds:kobold_enchanter, MISC
kobolds:kobold_rascal, MISC
kobolds:kobold_engineer, MISC
kobolds:kobold_pirate, MISC
kobolds:kobold_captain, MISC
kobolds:kobold_child, MISC
kobolds:kobold_zombie, MONSTER
kobolds:kobold_skeleton, MONSTER
undead_revamp2:bomber, MONSTER
undead_revamp2:thespectre, MONSTER
undead_revamp2:thespitter, MONSTER
undead_revamp2:thehorrors, MONSTER
undead_revamp2:thehorrorsdecoys, MONSTER
undead_revamp2:thesmoker, MONSTER
undead_revamp2:the_moonflower, MONSTER
undead_revamp2:sucker, MONSTER
undead_revamp2:thehunter, MONSTER
undead_revamp2:thebeartamer, MONSTER
undead_revamp2:thewolf, MONSTER
undead_revamp2:axestrom, MONSTER
undead_revamp2:theordure, MONSTER
undead_revamp2:crackleball, MONSTER
undead_revamp2:theswarmer, MONSTER
undead_revamp2:thebidy, MONSTER
undead_revamp2:invisiblebidy, MONSTER
undead_revamp2:thebidyupside, MONSTER
undead_revamp2:thepregnant, MONSTER
undead_revamp2:flame, MONSTER
undead_revamp2:slaveman, MONSTER
undead_revamp2:therod, MONSTER
undead_revamp2:coppertar, MONSTER
undead_revamp2:thegliter, MONSTER
undead_revamp2:theheavy, MONSTER
undead_revamp2:clogger, MONSTER
undead_revamp2:invisiclogger, MONSTER
undead_revamp2:propball_1, MONSTER
undead_revamp2:deadclogger, MONSTER
undead_revamp2:theimmortal, MONSTER
undead_revamp2:invisiimmortal, MONSTER
undead_revamp2:spitternecc_projectile, MISC
undead_revamp2:arapoholiaspray_projectile, MISC
undead_revamp2:acidsack_projectile, MISC
undead_revamp2:honniethrow_projectile, MISC
undead_revamp2:queenbeeperfume_projectile, MISC
undead_revamp2:pregnantnecc_projectile, MISC
undead_revamp2:f_iresack_projectile, MISC
undead_revamp2:windtext_projectile, MISC
undead_revamp2:boulderthrow_projectile, MISC
undead_revamp2:theskeeper, MONSTER
undead_revamp2:skeeperthrowprojectile, MISC
undead_revamp2:thesomnolence, MONSTER
undead_revamp2:sleepsmokebomb, MISC
undead_revamp2:smokesmitter, MONSTER
undead_revamp2:thelurker, MONSTER
undead_revamp2:witherball, MISC
undead_revamp2:neocrorines, MONSTER
undead_revamp2:thedungeon, MONSTER
undead_revamp2:bigsucker, MONSTER
astikorcarts:supply_cart, MISC
astikorcarts:plow, MISC
astikorcarts:animal_cart, MISC
lootr:lootr_minecart, MISC
realmrpg_wyrms:projectile_ender_wyrm_fireball, MISC
realmrpg_wyrms:ender_wyrm, MONSTER
realmrpg_wyrms:red_wyrm, MONSTER
realmrpg_wyrms:projectile_wyrm_fireball, MISC
illagerinvasion:provoker, MONSTER
illagerinvasion:invoker, MONSTER
illagerinvasion:necromancer, MONSTER
illagerinvasion:basher, MONSTER
illagerinvasion:sorcerer, MONSTER
illagerinvasion:archivist, MONSTER
illagerinvasion:inquisitor, MONSTER
illagerinvasion:marauder, MONSTER
illagerinvasion:alchemist, MONSTER
illagerinvasion:firecaller, MONSTER
illagerinvasion:surrendered, MONSTER
illagerinvasion:invoker_fangs, MISC
illagerinvasion:flying_magma, MISC
illagerinvasion:skull_bolt, MISC
illagerinvasion:hatchet, MISC
royalvariations:royal_arrow, MISC
royalvariations:royal_bomb_projectile, MISC
royalvariations:royal_bomb, MISC
royalvariations:royal_ender_pearl, MISC
royalvariations:net, MISC
royalvariations:spectral_anvil, MISC
royalvariations:royal_zombie, MONSTER
royalvariations:royal_skeleton, MONSTER
royalvariations:royal_creeper, MONSTER
royalvariations:royal_enderman, MONSTER
bygonenether:wex, MONSTER
bygonenether:warped_enderman, MONSTER
bygonenether:piglin_prisoner, MONSTER
bygonenether:piglin_hunter, MONSTER
bygonenether:wraither, MONSTER
bygonenether:wither_skeleton_knight, MONSTER
bygonenether:corpor, MONSTER
bygonenether:wither_skeleton_horse, CREATURE
bygonenether:warped_ender_pearl, MISC
irons_rpg_tweaks:xp_catalyst, MISC
enemyexpansion:sprinter, MONSTER
enemyexpansion:slugger, MONSTER
enemyexpansion:meature, MONSTER
enemyexpansion:equestrian, MONSTER
enemyexpansion:goblin, MONSTER
enemyexpansion:goblin_fear, MONSTER
enemyexpansion:tarantula, MONSTER
enemyexpansion:scorpion, MONSTER
enemyexpansion:ladybug, MONSTER
enemyexpansion:wasp, MONSTER
enemyexpansion:drone, CREATURE
enemyexpansion:botfly, MONSTER
enemyexpansion:flutterfly, MONSTER
enemyexpansion:huntsman, MONSTER
enemyexpansion:starved, MONSTER
enemyexpansion:vampire, MONSTER
enemyexpansion:vampflyer, MONSTER
enemyexpansion:vampbiter, MONSTER
enemyexpansion:troll, MONSTER
enemyexpansion:trollenraged, MONSTER
enemyexpansion:silverqueen, MONSTER
enemyexpansion:silverqueenbodiless, MONSTER
enemyexpansion:direwolf, MONSTER
enemyexpansion:healing_eye_projectile, MISC
enemyexpansion:wasp_thorax_projectile, MISC
enemyexpansion:phantom_eye_projectile, MISC
enemyexpansion:crawler, MONSTER
enemyexpansion:invisicreeper, MONSTER
enemyexpansion:faller, MONSTER
enemyexpansion:intruder, MONSTER
cataclysm:ender_golem, MONSTER
cataclysm:ender_guardian, MONSTER
cataclysm:netherite_monstrosity, MONSTER
cataclysm:netherite_ministrosity, CREATURE
cataclysm:lava_bomb, MISC
cataclysm:flare_bomb, MISC
cataclysm:flame_jet, MISC
cataclysm:lightning_storm, MISC
cataclysm:ignis, MONSTER
cataclysm:ender_guardian_bullet, MISC
cataclysm:void_rune, MISC
cataclysm:abyss_mine, MISC
cataclysm:endermaptera, MONSTER
cataclysm:deepling, MONSTER
cataclysm:deepling_brute, MONSTER
cataclysm:deepling_angler, MONSTER
cataclysm:deepling_priest, MONSTER
cataclysm:deepling_warlock, MONSTER
cataclysm:abyss_mark, MISC
cataclysm:lionfish, MONSTER
cataclysm:coral_golem, MONSTER
cataclysm:coralssus, MONSTER
cataclysm:ignited_revenant, MONSTER
cataclysm:ignited_berserker, MONSTER
cataclysm:the_harbinger, MONSTER
cataclysm:the_watcher, MONSTER
cataclysm:the_prowler, MONSTER
cataclysm:the_leviathan, MONSTER
cataclysm:the_baby_leviathan, CREATURE
cataclysm:void_scatter_arrow, MISC
cataclysm:poison_dart, MISC
cataclysm:phantom_arrow, MISC
cataclysm:phantom_halberd, MISC
cataclysm:void_shard, MISC
cataclysm:blazing_bone, MISC
cataclysm:lionfish_spike, MISC
cataclysm:urchin_spike, MISC
cataclysm:spark, MISC
cataclysm:screen_shake, MISC
cataclysm:sky_color, MISC
cataclysm:cm_falling_block, MISC
cataclysm:ignis_fireball, MISC
cataclysm:ignis_abyss_fireball, MISC
cataclysm:wither_smoke_effect, MISC
cataclysm:lightning_area_effect, MISC
cataclysm:flame_strike, MISC
cataclysm:bolt_strike, MISC
cataclysm:wave, MISC
cataclysm:storm_serpent, MISC
cataclysm:ashen_breath, MISC
cataclysm:death_laser_beam, MISC
cataclysm:abyss_blast, MISC
cataclysm:mini_abyss_blast, MISC
cataclysm:portal_abyss_blast, MISC
cataclysm:laser_beam, MISC
cataclysm:wither_missile, MISC
cataclysm:wither_homing_missile, MISC
cataclysm:wither_howitzer, MISC
cataclysm:accretion, MISC
cataclysm:abyss_orb, MISC
cataclysm:void_howitzer, MISC
cataclysm:eye_of_dungeon, MISC
cataclysm:void_vortex, MISC
cataclysm:the_leviathan_tongue, MISC
cataclysm:tidal_tentacle, MISC
cataclysm:tidal_hook, MISC
cataclysm:scylla_ceraunus, MISC
cataclysm:player_ceraunus, MISC
cataclysm:brontes, MISC
cataclysm:abyss_portal, MISC
cataclysm:abyss_blast_portal, MISC
cataclysm:coral_spear, MISC
cataclysm:coral_bardiche, MISC
cataclysm:dimensional_rift, MISC
cataclysm:amethyst_crab, MONSTER
cataclysm:earthquake, MISC
cataclysm:amethyst_cluster_projectile, MISC
cataclysm:ancient_remnant, MONSTER
cataclysm:modern_remnant, CREATURE
cataclysm:koboleton, MONSTER
cataclysm:kobolediator, MONSTER
cataclysm:wadjet, MONSTER
cataclysm:sandstorm, MISC
cataclysm:sandstorm_projectile, MISC
cataclysm:cursed_sandstorm, MISC
cataclysm:ancient_desert_stele, MISC
cataclysm:maledictus, MONSTER
cataclysm:draugr, MONSTER
cataclysm:royal_draugr, MONSTER
cataclysm:elite_draugr, MONSTER
cataclysm:aptrgangr, MONSTER
cataclysm:axe_blade, MISC
cataclysm:hippocamtus, MONSTER
cataclysm:cindaria, MONSTER
cataclysm:clawdian, MONSTER
cataclysm:scylla, MONSTER
cataclysm:urchinkin, MONSTER
cataclysm:drowned_host, MONSTER
cataclysm:symbiocto, MONSTER
cataclysm:octo_ink, MISC
cataclysm:water_spear, MISC
cataclysm:lightning_spear, MISC
undergarden:boat, MISC
undergarden:chest_boat, MISC
undergarden:boomgourd, MISC
undergarden:depthrock_pebble, MISC
undergarden:goo_ball, MISC
undergarden:rotten_blisterberry, MISC
undergarden:blisterbomb, MISC
undergarden:gronglet, MISC
undergarden:minion_projectile, MISC
undergarden:minion, MISC
undergarden:rotling, MONSTER
undergarden:rotwalker, MONSTER
undergarden:rotbeast, MONSTER
undergarden:dweller, CREATURE
undergarden:gwibling, WATER_AMBIENT
undergarden:brute, CREATURE
undergarden:scintling, AMBIENT
undergarden:gloomper, CREATURE
undergarden:stoneborn, MONSTER
undergarden:nargoyle, MONSTER
undergarden:muncher, MONSTER
undergarden:sploogie, MONSTER
undergarden:gwib, WATER_CREATURE
undergarden:mog, CREATURE
undergarden:smog_mog, CREATURE
undergarden:forgotten, MONSTER
undergarden:forgotten_guardian, MONSTER
refurbished_furniture:seat, MISC
goblintraders:goblin_trader, CREATURE
goblintraders:vein_goblin_trader, CREATURE
tide:star_arrow, MISC
tide:loot_crate, MISC
tide:slimy_salmon, WATER_AMBIENT
tide:devils_hole_pupfish, WATER_AMBIENT
tide:white_crappie, WATER_AMBIENT
tide:marstilus, WATER_AMBIENT
tide:blossom_bass, WATER_AMBIENT
tide:catfish, WATER_AMBIENT
tide:mackerel, WATER_AMBIENT
tide:anglerfish, WATER_AMBIENT
tide:angelfish, WATER_AMBIENT
tide:warped_guppy, WATER_AMBIENT
tide:dripstone_darter, WATER_AMBIENT
tide:aquathorn, WATER_AMBIENT
tide:deep_blue, WATER_AMBIENT
tide:inferno_guppy, WATER_AMBIENT
tide:pike, WATER_AMBIENT
tide:guppy, WATER_AMBIENT
tide:ash_perch, WATER_AMBIENT
tide:carp, WATER_AMBIENT
tide:frostbite_flounder, WATER_AMBIENT
tide:alpha_fish, WATER_AMBIENT
tide:mantyvern, WATER_AMBIENT
tide:bedrock_bug, WATER_AMBIENT
tide:vengeance, WATER_AMBIENT
tide:dutchman_sock, WATER_AMBIENT
tide:endergazer, WATER_AMBIENT
tide:blue_neonfish, WATER_AMBIENT
tide:mooneye, WATER_AMBIENT
tide:soulscale, WATER_AMBIENT
tide:obsidian_pike, WATER_AMBIENT
tide:spore_stalker, WATER_AMBIENT
tide:amber_rockfish, WATER_AMBIENT
tide:ender_glider, WATER_AMBIENT
tide:largemouth_bass, WATER_AMBIENT
tide:coelacanth, WATER_AMBIENT
tide:mahi_mahi, WATER_AMBIENT
tide:arapaima, WATER_AMBIENT
tide:gilded_minnow, WATER_AMBIENT
tide:sturgeon, WATER_AMBIENT
tide:pale_clubfish, WATER_AMBIENT
tide:magma_mackerel, WATER_AMBIENT
tide:enderfin, WATER_AMBIENT
tide:brook_trout, WATER_AMBIENT
tide:cave_eel, WATER_AMBIENT
tide:sand_tiger_shark, WATER_AMBIENT
tide:anchovy, WATER_AMBIENT
tide:great_white_shark, WATER_AMBIENT
tide:voidseeker, WATER_AMBIENT
tide:sailfish, WATER_AMBIENT
tide:dragon_fish, WATER_AMBIENT
tide:witherfin, WATER_AMBIENT
tide:ocean_perch, WATER_AMBIENT
tide:glowfish, WATER_AMBIENT
tide:bluegill, WATER_AMBIENT
tide:cave_crawler, WATER_AMBIENT
tide:crimson_fangjaw, WATER_AMBIENT
tide:shadow_shark, WATER_AMBIENT
tide:bedrock_tetra, WATER_AMBIENT
tide:iron_tetra, WATER_AMBIENT
tide:deep_grouper, WATER_AMBIENT
tide:sun_emblem, WATER_AMBIENT
tide:shadow_snapper, WATER_AMBIENT
tide:chasm_eel, WATER_AMBIENT
tide:elytrout, WATER_AMBIENT
tide:sleepy_carp, WATER_AMBIENT
tide:pentapus, WATER_AMBIENT
tide:walleye, WATER_AMBIENT
tide:bull_shark, WATER_AMBIENT
tide:yellow_perch, WATER_AMBIENT
tide:blazing_swordfish, WATER_AMBIENT
tide:swordfish, WATER_AMBIENT
tide:red_snapper, WATER_AMBIENT
tide:lapis_lanternfish, WATER_AMBIENT
tide:luminescent_jellyfish, WATER_AMBIENT
tide:red_40, WATER_AMBIENT
tide:neptune_koi, WATER_AMBIENT
tide:crystal_shrimp, WATER_AMBIENT
tide:volcano_tuna, WATER_AMBIENT
tide:violet_carp, WATER_AMBIENT
tide:smallmouth_bass, WATER_AMBIENT
tide:echo_snapper, WATER_AMBIENT
tide:nephrosilu, WATER_AMBIENT
tide:black_crappie, WATER_AMBIENT
tide:shooting_starfish, WATER_AMBIENT
tide:tuna, WATER_AMBIENT
tide:snatcher_squid, WATER_AMBIENT
tide:crystalline_carp, WATER_AMBIENT
tide:saturn_cuttlefish, WATER_AMBIENT
tide:midas_fish, WATER_AMBIENT
tide:rainbow_trout, WATER_AMBIENT
tide:snook, WATER_AMBIENT
tide:chorus_cod, WATER_AMBIENT
tide:judgment_fish, WATER_AMBIENT
tide:ember_koi, WATER_AMBIENT
tide:darkness_eater, WATER_AMBIENT
tide:flounder, WATER_AMBIENT
tide:manta_ray, WATER_AMBIENT
tide:abyss_angler, WATER_AMBIENT
tide:uranias_pisces, WATER_AMBIENT
tide:pluto_snail, WATER_AMBIENT
tide:mirage_catfish, WATER_AMBIENT
tide:incandescent_larva, WATER_AMBIENT
meetyourfight:bellringer, MONSTER
meetyourfight:dame_fortuna, MONSTER
meetyourfight:swampjaw, MONSTER
meetyourfight:rosalyne, MONSTER
meetyourfight:rose_spirit, MONSTER
meetyourfight:projectile_line, MISC
meetyourfight:projectile_targeted, MISC
meetyourfight:fortuna_bomb, MISC
meetyourfight:fortuna_card, MISC
meetyourfight:swamp_mine, MISC
endermanoverhaul:badlands_enderman, MONSTER
endermanoverhaul:cave_enderman, MONSTER
endermanoverhaul:crimson_forest_enderman, MONSTER
endermanoverhaul:dark_oak_enderman, MONSTER
endermanoverhaul:desert_enderman, MONSTER
endermanoverhaul:end_enderman, MONSTER
endermanoverhaul:end_islands_enderman, MONSTER
endermanoverhaul:flower_fields_enderman, MONSTER
endermanoverhaul:ice_spikes_enderman, MONSTER
endermanoverhaul:mushroom_fields_enderman, AMBIENT
endermanoverhaul:nether_wastes_enderman, MONSTER
endermanoverhaul:coral_enderman, MONSTER
endermanoverhaul:savanna_enderman, MONSTER
endermanoverhaul:snowy_enderman, MONSTER
endermanoverhaul:soulsand_valley_enderman, MONSTER
endermanoverhaul:swamp_enderman, MONSTER
endermanoverhaul:warped_forest_enderman, MONSTER
endermanoverhaul:windswept_hills_enderman, MONSTER
endermanoverhaul:pet_enderman, CREATURE
endermanoverhaul:hammerhead_pet_enderman, CREATURE
endermanoverhaul:axolotl_pet_enderman, CREATURE
endermanoverhaul:scarab, MONSTER
endermanoverhaul:spirit, MONSTER
endermanoverhaul:ender_bullet, MISC
endermanoverhaul:corrupted_pearl, MISC
endermanoverhaul:soul_pearl, MISC
endermanoverhaul:ancient_pearl, MISC
endermanoverhaul:bubble_pearl, MISC
endermanoverhaul:summoner_pearl, MISC
endermanoverhaul:icy_pearl, MISC
endermanoverhaul:crimson_pearl, MISC
endermanoverhaul:warped_pearl, MISC
theorcs:orc_grunt, MISC
theorcs:orc_shaman, MISC
theorcs:orc_ranger, MISC
theorcs:orc_boss, MISC
guardvillagers:guard, MISC
medievalcraftweapons:romanlegionary, MONSTER
medievalcraftweapons:archer, MONSTER
medievalcraftweapons:knight, MONSTER
medievalcraftweapons:romancenturion, MONSTER
medievalcraftweapons:soldier, MONSTER
medievalcraftweapons:viking_1, MONSTER
medievalcraftweapons:viking_2, MONSTER
medievalcraftweapons:heavyknight, MONSTER
medievalcraftweapons:weapon_display, CREATURE
medievalcraftweapons:shuriken_projectile, MISC
medievalcraftweapons:minigun_projectile, MISC
medievalcraftweapons:plumbata_projectile, MISC
medievalcraftweapons:pilum_projectile, MISC
medievalcraftweapons:holy_hand_grenadeof_antioch_projectile, MISC
medievalcraftweapons:romanlegionaryhamata, MONSTER
medievalcraftweapons:hoplite, MONSTER
medievalcraftweapons:hoplite_linothorax, MONSTER
medievalcraftweapons:principes, MONSTER
medievalcraftweapons:hastati, MONSTER
medievalcraftweapons:romanlegionary_comitatensis, MONSTER
perfectplushieapi:wandering_plushie_trader, MISC
minecraft:armadillo, CREATURE
minecraft:creaking, MONSTER
minecraft:pale_oak_boat, MISC
minecraft:pale_oak_chest_boat, MISC
minecraft:happy_ghast, CREATURE
minecraft:sulfur_cube, MONSTER
mcwfurnitures:chair, MISC
mcwfurnitures:couch, MISC
mowziesmobs:foliaath, MONSTER
mowziesmobs:baby_foliaath, MONSTER
mowziesmobs:ferrous_wroughtnaut, MONSTER
mowziesmobs:umvuthana_follower_raptor, MONSTER
mowziesmobs:umvuthana_follower_player, MONSTER
mowziesmobs:umvuthana_crane_player, MONSTER
mowziesmobs:umvuthana, MONSTER
mowziesmobs:umvuthana_raptor, MONSTER
mowziesmobs:umvuthana_crane, MONSTER
mowziesmobs:umvuthi, MONSTER
mowziesmobs:frostmaw, MONSTER
mowziesmobs:grottol, MONSTER
mowziesmobs:lantern, AMBIENT
mowziesmobs:naga, MONSTER
mowziesmobs:sculptor, MISC
mowziesmobs:bluff, MONSTER
mowziesmobs:elokosa_follower_howler, MONSTER
mowziesmobs:elokosa_howler, MONSTER
mowziesmobs:sunstrike, MISC
mowziesmobs:solar_beam, MISC
mowziesmobs:boulder_projectile, MISC
mowziesmobs:rock_sling, MISC
mowziesmobs:boulder_platform, MISC
mowziesmobs:boulder_platform_crumbling, MISC
mowziesmobs:pillar, MISC
mowziesmobs:pillar_sculptor, MISC
mowziesmobs:pillar_piece, MISC
mowziesmobs:axe_attack, MISC
mowziesmobs:ice_breath, MISC
mowziesmobs:ice_ball, MISC
mowziesmobs:poison_ball, MISC
mowziesmobs:super_nova, MISC
mowziesmobs:falling_block, MISC
mowziesmobs:camera_shake, MISC
mowziesmobs:fissure, MISC
mowziesmobs:fissure_piece, MISC
mowziesmobs:earth_spike, MISC
strawstatues:straw_statue, MISC
aquamirae:golden_moth, AMBIENT
aquamirae:maw, MONSTER
aquamirae:anglerfish, WATER_CREATURE
aquamirae:maze_mother, MONSTER
aquamirae:captain_cornelia, MONSTER
aquamirae:pillagers_patrol, MONSTER
aquamirae:tortured_soul, MONSTER
aquamirae:eel, MONSTER
aquamirae:maze_rose, MISC
aquamirae:poisoned_chakra, MISC
aquamirae:spinefish, WATER_AMBIENT
aquamirae:abyssal_scyphoid, WATER_AMBIENT
pots_and_mimics:pot_crab, MONSTER
pots_and_mimics:poison_pot_crab, MONSTER
pots_and_mimics:nether_pot_crab, MONSTER
pots_and_mimics:end_pot_crab, MONSTER
blue_skies:azulfo, CREATURE
blue_skies:stardust_ram, CREATURE
blue_skies:reindeer, CREATURE
blue_skies:frost_spirit, AMBIENT
blue_skies:grittle_flatfish, WATER_AMBIENT
blue_skies:municipal_monkfish, WATER_AMBIENT
blue_skies:armored_frost_spirit, MONSTER
blue_skies:crynocerous, MONSTER
blue_skies:jelly_drifter, WATER_AMBIENT
blue_skies:snow_owl, CREATURE
blue_skies:polargeist, MONSTER
blue_skies:stonelet, MONSTER
blue_skies:whistleshell_crab, MONSTER
blue_skies:shrumpty, MONSTER
blue_skies:diophyde_prowler, MONSTER
blue_skies:seclam, MONSTER
blue_skies:firefly, AMBIENT
blue_skies:cosmic_fox, CREATURE
blue_skies:crystal_camel, CREATURE
blue_skies:shade_monitor, CREATURE
blue_skies:sliv, CREATURE
blue_skies:crogre, CREATURE
blue_skies:charscale_moki, WATER_AMBIENT
blue_skies:horizofin_tunid, WATER_AMBIENT
blue_skies:nyctofly, MONSTER
blue_skies:venom_spider, MONSTER
blue_skies:venom_spit, MISC
blue_skies:emberback, MONSTER
blue_skies:infested_swarmer, MONSTER
blue_skies:gatekeeper, CREATURE
blue_skies:summoner, MONSTER
blue_skies:artificial_golem, MONSTER
blue_skies:strange_lightning, MISC
blue_skies:fluctuant_sphere, MISC
blue_skies:alchemist, MONSTER
blue_skies:decaying_spike, MISC
blue_skies:starlit_crusher, MONSTER
blue_skies:ent_root, MISC
blue_skies:ent_wall, MISC
blue_skies:ent_leaf, MISC
blue_skies:spewter, MONSTER
blue_skies:seed_bomb, MISC
blue_skies:arachnarch, MONSTER
blue_skies:venom_bomb, MISC
blue_skies:nested_spider, MONSTER
blue_skies:spear, MISC
blue_skies:supporter_pet, MONSTER
blue_skies:boss_item, MISC
aether:phyg, CREATURE
aether:flying_cow, CREATURE
aether:sheepuff, CREATURE
aether:moa, CREATURE
aether:aerbunny, CREATURE
aether:aerwhale, AETHER_AERWHALE
aether:blue_swet, AETHER_SURFACE_MONSTER
aether:golden_swet, AETHER_SURFACE_MONSTER
aether:whirlwind, AETHER_SURFACE_MONSTER
aether:evil_whirlwind, AETHER_SURFACE_MONSTER
aether:aechor_plant, AETHER_SURFACE_MONSTER
aether:cockatrice, AETHER_DARKNESS_MONSTER
aether:zephyr, AETHER_SKY_MONSTER
aether:mimic, MONSTER
aether:sentry, MONSTER
aether:slider, MONSTER
aether:valkyrie, MONSTER
aether:valkyrie_queen, MONSTER
aether:fire_minion, MONSTER
aether:sun_spirit, MONSTER
aether:skyroot_boat, MISC
aether:skyroot_chest_boat, MISC
aether:cloud_minion, MISC
aether:cold_parachute, MISC
aether:golden_parachute, MISC
aether:floating_block, MISC
aether:tnt_present, MISC
aether:zephyr_snowball, MISC
aether:cloud_crystal, MISC
aether:fire_crystal, MISC
aether:ice_crystal, MISC
aether:thunder_crystal, MISC
aether:golden_dart, MISC
aether:poison_dart, MISC
aether:enchanted_dart, MISC
aether:poison_needle, MISC
aether:lightning_knife, MISC
aether:hammer_projectile, MISC
alexsmobs:grizzly_bear, CREATURE
alexsmobs:roadrunner, CREATURE
alexsmobs:bone_serpent, MONSTER
alexsmobs:bone_serpent_part, MONSTER
alexsmobs:gazelle, CREATURE
alexsmobs:crocodile, CREATURE
alexsmobs:fly, AMBIENT
alexsmobs:hummingbird, CREATURE
alexsmobs:orca, WATER_CREATURE
alexsmobs:sunbird, CREATURE
alexsmobs:gorilla, CREATURE
alexsmobs:crimson_mosquito, MONSTER
alexsmobs:mosquito_spit, MISC
alexsmobs:rattlesnake, CREATURE
alexsmobs:endergrade, CREATURE
alexsmobs:hammerhead_shark, WATER_CREATURE
alexsmobs:shark_tooth_arrow, MISC
alexsmobs:lobster, WATER_AMBIENT
alexsmobs:komodo_dragon, CREATURE
alexsmobs:capuchin_monkey, CREATURE
alexsmobs:tossed_item, MISC
alexsmobs:centipede_head, MONSTER
alexsmobs:centipede_body, MISC
alexsmobs:centipede_tail, MISC
alexsmobs:warped_toad, CREATURE
alexsmobs:moose, CREATURE
alexsmobs:mimicube, MONSTER
alexsmobs:raccoon, CREATURE
alexsmobs:blobfish, WATER_AMBIENT
alexsmobs:seal, CREATURE
alexsmobs:cockroach, AMBIENT
alexsmobs:cockroach_egg, MISC
alexsmobs:shoebill, CREATURE
alexsmobs:elephant, CREATURE
alexsmobs:soul_vulture, MONSTER
alexsmobs:snow_leopard, CREATURE
alexsmobs:spectre, CREATURE
alexsmobs:crow, CREATURE
alexsmobs:alligator_snapping_turtle, CREATURE
alexsmobs:mungus, CREATURE
alexsmobs:mantis_shrimp, WATER_CREATURE
alexsmobs:guster, MONSTER
alexsmobs:sand_shot, MISC
alexsmobs:gust, MISC
alexsmobs:warped_mosco, MONSTER
alexsmobs:hemolymph, MISC
alexsmobs:straddler, MONSTER
alexsmobs:stradpole, WATER_AMBIENT
alexsmobs:straddleboard, MISC
alexsmobs:emu, CREATURE
alexsmobs:emu_egg, MISC
alexsmobs:platypus, CREATURE
alexsmobs:dropbear, MONSTER
alexsmobs:tasmanian_devil, CREATURE
alexsmobs:kangaroo, CREATURE
alexsmobs:cachalot_whale, WATER_CREATURE
alexsmobs:cachalot_echo, MISC
alexsmobs:leafcutter_ant, CREATURE
alexsmobs:enderiophage, CREATURE
alexsmobs:enderiophage_rocket, MISC
alexsmobs:bald_eagle, CREATURE
alexsmobs:tiger, CREATURE
alexsmobs:tarantula_hawk, CREATURE
alexsmobs:void_worm, MONSTER
alexsmobs:void_worm_part, MONSTER
alexsmobs:void_worm_shot, MISC
alexsmobs:void_portal, MISC
alexsmobs:frilled_shark, WATER_CREATURE
alexsmobs:mimic_octopus, WATER_CREATURE
alexsmobs:seagull, CREATURE
alexsmobs:froststalker, CREATURE
alexsmobs:ice_shard, MISC
alexsmobs:tusklin, CREATURE
alexsmobs:laviathan, CREATURE
alexsmobs:cosmaw, CREATURE
alexsmobs:toucan, CREATURE
alexsmobs:maned_wolf, CREATURE
alexsmobs:anaconda, CREATURE
alexsmobs:anaconda_part, MISC
alexsmobs:vine_lasso, MISC
alexsmobs:anteater, CREATURE
alexsmobs:rocky_roller, MONSTER
alexsmobs:flutter, AMBIENT
alexsmobs:pollen_ball, MISC
alexsmobs:gelada_monkey, CREATURE
alexsmobs:jerboa, AMBIENT
alexsmobs:terrapin, WATER_AMBIENT
alexsmobs:comb_jelly, WATER_AMBIENT
alexsmobs:cosmic_cod, AMBIENT
alexsmobs:bunfungus, CREATURE
alexsmobs:bison, CREATURE
alexsmobs:giant_squid, WATER_CREATURE
alexsmobs:squid_grapple, MISC
alexsmobs:sea_bear, WATER_CREATURE
alexsmobs:devils_hole_pupfish, WATER_AMBIENT
alexsmobs:catfish, WATER_AMBIENT
alexsmobs:flying_fish, WATER_AMBIENT
alexsmobs:skelewag, MONSTER
alexsmobs:rain_frog, AMBIENT
alexsmobs:potoo, CREATURE
alexsmobs:mudskipper, CREATURE
alexsmobs:mud_ball, MISC
alexsmobs:rhinoceros, CREATURE
alexsmobs:sugar_glider, CREATURE
alexsmobs:farseer, MONSTER
alexsmobs:skreecher, CREATURE
alexsmobs:underminer, AMBIENT
alexsmobs:murmur, MONSTER
alexsmobs:murmur_head, MONSTER
alexsmobs:tendon_segment, MISC
alexsmobs:skunk, CREATURE
alexsmobs:fart, MISC
alexsmobs:banana_slug, CREATURE
alexsmobs:blue_jay, CREATURE
alexsmobs:caiman, CREATURE
alexsmobs:triops, WATER_AMBIENT
iceandfire:dragon_multipart, MISC
iceandfire:multipart, MISC
iceandfire:hydra_multipart, MISC
iceandfire:cylcops_multipart, MISC
iceandfire:dragon_egg, MISC
iceandfire:dragon_arrow, MISC
iceandfire:dragon_skull, MISC
iceandfire:fire_dragon, CREATURE
iceandfire:ice_dragon, CREATURE
iceandfire:lightning_dragon, CREATURE
iceandfire:fire_dragon_charge, MISC
iceandfire:ice_dragon_charge, MISC
iceandfire:lightning_dragon_charge, MISC
iceandfire:hippogryph_egg, MISC
iceandfire:hippogryph, CREATURE
iceandfire:stone_statue, CREATURE
iceandfire:gorgon, CREATURE
iceandfire:pixie, CREATURE
iceandfire:cyclops, CREATURE
iceandfire:siren, CREATURE
iceandfire:hippocampus, CREATURE
iceandfire:deathworm, CREATURE
iceandfire:deathworm_egg, MISC
iceandfire:cockatrice, CREATURE
iceandfire:cockatrice_egg, MISC
iceandfire:stymphalian_bird, CREATURE
iceandfire:stymphalian_feather, MISC
iceandfire:stymphalian_arrow, MISC
iceandfire:troll, MONSTER
iceandfire:myrmex_worker, CREATURE
iceandfire:myrmex_soldier, CREATURE
iceandfire:myrmex_sentinel, CREATURE
iceandfire:myrmex_royal, CREATURE
iceandfire:myrmex_queen, CREATURE
iceandfire:myrmex_egg, MISC
iceandfire:amphithere, CREATURE
iceandfire:amphithere_arrow, MISC
iceandfire:sea_serpent, CREATURE
iceandfire:sea_serpent_bubbles, MISC
iceandfire:sea_serpent_arrow, MISC
iceandfire:chain_tie, MISC
iceandfire:pixie_charge, MISC
iceandfire:myrmex_swarmer, CREATURE
iceandfire:tide_trident, MISC
iceandfire:mob_skull, MISC
iceandfire:dread_thrall, MONSTER
iceandfire:dread_ghoul, MONSTER
iceandfire:dread_beast, MONSTER
iceandfire:dread_scuttler, MONSTER
iceandfire:dread_lich, MONSTER
iceandfire:dread_lich_skull, MISC
iceandfire:dread_knight, MONSTER
iceandfire:dread_horse, MONSTER
iceandfire:hydra, CREATURE
iceandfire:hydra_breath, MISC
iceandfire:hydra_arrow, MISC
iceandfire:ghost, MONSTER
iceandfire:ghost_sword, MISC
twigs:pebble, MISC
relics:shadow_glaive, MISC
relics:block_simulation, MISC
relics:shockwave, MISC
relics:life_essence, MISC
relics:death_essence, MISC
relics:stalactite, MISC
relics:dissection, MISC
relics:spore, MISC
relics:shadow_saw, MISC
relics:solid_snowball, MISC
relics:arrow_rain, MISC
relics:relic_experience_orb, MISC
relics:thrown_relic_experience_bottle, MISC
farmersdelight:rotten_tomato, MISC
simplehats:hatdisplay, MISC
enigmaticlegacy:permanent_item_entity, MISC
enigmaticlegacy:enigmatic_potion_entity, MISC
enigmaticlegacy:ultimate_wither_skull_entity, MISC
doapi:chair, MISC
terraform:boat, MISC
terraform:chest_boat, MISC
vinery:dark_cherry_boat, MISC
vinery:dark_cherry_chest_boat, MISC
vinery:mule, CREATURE
vinery:wandering_winemaker, CREATURE
vinery:chair, MISC
cardiac:life_orb, MISC
cardiac:thrown_life_bottle, MISC
too_many_bows:frostbite_arrow, MISC
too_many_bows:dragons_breath_arrow, MISC
too_many_bows:sonic_boom_projectile, MISC
too_many_bows:venom_arrow, MISC
too_many_bows:flame_arrow, MISC
too_many_bows:tidal_arrow, MISC
too_many_bows:cursed_flame_arrow, MISC
too_many_bows:lightning_arrow, MISC
too_many_bows:wind_projectile, MISC
too_many_bows:icicle_javelin, MISC
too_many_bows:hunter_arrow, MISC
too_many_bows:astral_arrow, MISC
too_many_bows:hunter_xp_arrow, MISC
too_many_bows:ancient_sage_arrow, MISC
too_many_bows:sentinel_arrow, MISC
too_many_bows:vitality_arrow, MISC
too_many_bows:shulker_blast_projectile, MISC
too_many_bows:spectral_arrow, MISC
too_many_bows:aurora_arrow, MISC
too_many_bows:rift_entity, MISC
too_many_bows:radiant_arrow, MISC
too_many_bows:dusk_reaper_arrow, MISC
too_many_bows:webstring_arrow, MISC
too_many_bows:ironclad_arrow, MISC
too_many_bows:light_orb, MISC
meadow:water_buffalo, CREATURE
meadow:wooly_cow, CREATURE
meadow:chair, MISC
meadow:wooly_sheep, CREATURE
meadow:pine_boat, MISC
meadow:pine_chest_boat, MISC
zombie_variants:badlands_zombie, MONSTER
zombie_variants:bamboo_zombie, MONSTER
zombie_variants:cave_zombie, MONSTER
zombie_variants:cherry_zombie, MONSTER
zombie_variants:deep_dark_zombie, MONSTER
zombie_variants:desert_zombie, MONSTER
zombie_variants:dripstone_zombie, MONSTER
zombie_variants:frozen_zombie, MONSTER
zombie_variants:jungle_zombie, MONSTER
zombie_variants:lush_zombie, MONSTER
zombie_variants:mangrove_zombie, MONSTER
zombie_variants:pale_garden_zombie, MONSTER
zombie_variants:savanna_zombie, MONSTER
zombie_variants:swamp_zombie, MONSTER
zombie_variants:mushroom_zombie, MONSTER
beachparty:coconut, MISC
raccompat:acid_cloud, MISC
cluttered:chair_entity, MISC
ageofweapons:throwable_weapon, MISC
ageofweapons:throwable_item, MISC
valhelsia_furniture:seat, MISC
yungscavebiomes:icicle, MISC
yungscavebiomes:sand_snapper, MONSTER
yungscavebiomes:ice_cube, MONSTER
ribbits:ribbit, CREATURE
gunswithoutroses:bullet, MISC
gunswithoutroses:bullet_piercing, MISC
bypowderandsteel:gunome, MONSTER
bypowderandsteel:shrubhulk, MONSTER
bypowderandsteel:shrubsnapper, MONSTER
bypowderandsteel:cowbones_pistolero, MONSTER
bypowderandsteel:cowbones_buckaroo, MONSTER
bypowderandsteel:zombie_seal, MONSTER
bypowderandsteel:sunken_pirate, MONSTER
bypowderandsteel:patroller, MONSTER
bypowderandsteel:zombunny_slasher, MONSTER
bypowderandsteel:zombunny_gunner, MONSTER
bypowderandsteel:zombunny_inquisitor, MONSTER
bypowderandsteel:abeillon_small_white, MONSTER
bypowderandsteel:abeillon_monarch, MONSTER
bypowderandsteel:abeillon_great_purple_emperor, MONSTER
bypowderandsteel:sabersentry, MONSTER
bypowderandsteel:blastersentry, MONSTER
bypowderandsteel:gunnubus_crimson, MONSTER
bypowderandsteel:skybender, MONSTER
bypowderandsteel:shrubsnapper_fang, MISC
bypowderandsteel:bullet_slow, MISC
bypowderandsteel:bullet_gravity, MISC
corpse:corpse, MISC
block_factorys_bosses:pile_of_bones, MONSTER
block_factorys_bosses:yeti, MONSTER
block_factorys_bosses:glacial_shove, MISC
block_factorys_bosses:ice_spike, MISC
block_factorys_bosses:ice_spike_cluster, MISC
block_factorys_bosses:frozen_skeleton, MISC
block_factorys_bosses:cage, MISC
block_factorys_bosses:cage_skelly, MISC
block_factorys_bosses:big_cage, MISC
block_factorys_bosses:big_cage_skelly, MISC
block_factorys_bosses:kraken_cannon, MISC
block_factorys_bosses:cannonball, MISC
block_factorys_bosses:thrown_crate, MISC
block_factorys_bosses:ice_spike_pr, MISC
block_factorys_bosses:infernal_dragon, MONSTER
block_factorys_bosses:blazing_fire_ball, MISC
block_factorys_bosses:fire_area, MISC
block_factorys_bosses:underworld_knight, MONSTER
block_factorys_bosses:dragon_guard_sword, MONSTER
block_factorys_bosses:flaming_skeleton_guard_sword, MONSTER
block_factorys_bosses:flaming_skeleton_guard_fireball, MONSTER
block_factorys_bosses:soul_skeleton, MONSTER
block_factorys_bosses:soul_knight_wither_skeleton, MONSTER
block_factorys_bosses:soul_shockwave, MISC
block_factorys_bosses:sand_column, MISC
block_factorys_bosses:sandworm, MONSTER
block_factorys_bosses:poison_area, MISC
block_factorys_bosses:poison_spit_pr, MISC
block_factorys_bosses:sword_wave, MISC
block_factorys_bosses:rift, MISC
block_factorys_bosses:rift_projectile, MISC
block_factorys_bosses:big_rift_projectile, MISC
block_factorys_bosses:knight_mark, MISC
block_factorys_bosses:kraken, MONSTER
block_factorys_bosses:cinematic_kraken, MONSTER
block_factorys_bosses:kraken_tentacle, MONSTER
block_factorys_bosses:kraken_trident, MISC
block_factorys_bosses:pirate_captain, MONSTER
block_factorys_bosses:pirate_rook, MONSTER
block_factorys_bosses:crossbow_pirate, MONSTER
block_factorys_bosses:ghost_tentacle, MONSTER
block_factorys_bosses:anchor, MISC
block_factorys_bosses:crate_pile, MISC
dungeons_plus:soul_fireball, MISC
dungeons_plus:warped_axe, MISC
snowrealmagic:snow, MISC
blowguns:dart, MISC
farm_and_charm:rotten_tomato, MISC
farm_and_charm:cart, MISC
farm_and_charm:plow, MISC
farm_and_charm:chair, MISC
sons_of_sins:gulber, MONSTER
sons_of_sins:wistiver, MONSTER
sons_of_sins:walking_bed, MONSTER
sons_of_sins:blud, MONSTER
sons_of_sins:prowler, MONSTER
sons_of_sins:kelvin, MONSTER
sons_of_sins:butcher, MONSTER
sons_of_sins:curse, MONSTER
sons_of_sins:devourer, MONSTER
sons_of_sins:blood_pr, MISC
sons_of_sins:ditched, MONSTER
sons_of_sins:grub, MONSTER
sons_of_sins:gulber_organs, MONSTER
sons_of_sins:grub_organs, MONSTER
sons_of_sins:devourer_organs, MONSTER
sons_of_sins:guzzler, MONSTER
sons_of_sins:guzzler_organs, MONSTER
sons_of_sins:betrayed_guzzler, MONSTER
sons_of_sins:nibbler, MONSTER
sons_of_sins:nibbler_organs, MONSTER
sons_of_sins:null_pr, MISC
sons_of_sins:wistiver_jaw, MONSTER
sons_of_sins:blud_trade, MONSTER
sons_of_sins:blud_aggressive, MONSTER
sit:entity_sit, MISC
unusualfishmod:duality_damselfish, WATER_AMBIENT
unusualfishmod:mossthorn, UNDERGROUND_WATER_CREATURE
unusualfishmod:ripper, WATER_CREATURE
unusualfishmod:spindlefish, WATER_AMBIENT
unusualfishmod:rhino_tetra, WATER_AMBIENT
unusualfishmod:drooping_gourami, WATER_AMBIENT
unusualfishmod:sailor_barb, WATER_AMBIENT
unusualfishmod:sea_spider, WATER_AMBIENT
unusualfishmod:triple_twirl_pleco, WATER_AMBIENT
unusualfishmod:aero_mono, WATER_AMBIENT
unusualfishmod:clownthorn_shark, WATER_CREATURE
unusualfishmod:roughback_guitarfish, WATER_CREATURE
unusualfishmod:sea_pancake, WATER_CREATURE
unusualfishmod:pinkfin, WATER_CREATURE
unusualfishmod:brick_snail, WATER_AMBIENT
unusualfishmod:zebra_cornetfish, WATER_CREATURE
unusualfishmod:tiger_puffer, WATER_CREATURE
unusualfishmod:blackcap_snail, WATER_AMBIENT
unusualfishmod:sneep_snorp, WATER_AMBIENT
unusualfishmod:deep_crawler, WATER_CREATURE
unusualfishmod:wizard_jelly, WATER_CREATURE
unusualfishmod:porcupine_lobsta, WATER_CREATURE
unusualfishmod:trumpet_squid, WATER_CREATURE
unusualfishmod:freshwater_mantis, WATER_CREATURE
unusualfishmod:bark_angelfish, WATER_AMBIENT
unusualfishmod:shockcat, WATER_CREATURE
unusualfishmod:muddytop, WATER_CREATURE
unusualfishmod:kalappa, CREATURE
unusualfishmod:skipper, CREATURE
unusualfishmod:stout_bichir, WATER_CREATURE
unusualfishmod:beaked_herring, WATER_AMBIENT
unusualfishmod:picklefish, WATER_AMBIENT
unusualfishmod:blindsailfin, WATER_AMBIENT
unusualfishmod:demon_herring, WATER_AMBIENT
unusualfishmod:amber_goby, WATER_AMBIENT
unusualfishmod:hatchet_fish, WATER_AMBIENT
unusualfishmod:copperflame, WATER_AMBIENT
unusualfishmod:rootball, MONSTER
unusualfishmod:celestial, WATER_CREATURE
unusualfishmod:gnasher, WATER_CREATURE
unusualfishmod:prawn, MONSTER
unusualfishmod:squoddle, WATER_AMBIENT
unusualfishmod:sea_mosquito, WATER_AMBIENT
unusualfishmod:forkfish, WATER_AMBIENT
unusualfishmod:spoon_shark, WATER_CREATURE
unusualfishmod:coral_skrimp, WATER_AMBIENT
unusualfishmod:circus, WATER_AMBIENT
unusualfishmod:blizzardfin, WATER_CREATURE
unusualfishmod:snowflaketail, WATER_AMBIENT
unusualfishmod:eyelash, WATER_AMBIENT
unusualfishmod:jungleshark, WATER_CREATURE
unusualfishmod:crimsonshell, WATER_CREATURE
unusualfishmod:volt_angler, WATER_CREATURE
unusualfishmod:tribble, WATER_CREATURE
unusualfishmod:abyssal_blast, MISC
unusualfishmod:prismarine_spear, MISC
unusualfishmod:sea_spike, MISC
unusualfishmod:falling_tree, MISC
apotheosis:obsidian_arrow, MISC
apotheosis:broadhead_arrow, MISC
apotheosis:explosive_arrow, MISC
apotheosis:mining_arrow, MISC
finsandtails:blu_wee, WATER_AMBIENT
finsandtails:pea_wee, WATER_AMBIENT
finsandtails:banded_redback_shrimp, WATER_AMBIENT
finsandtails:teal_arrowfish, WATER_AMBIENT
finsandtails:swamp_mucker, WATER_AMBIENT
finsandtails:flatback_sucker, WATER_AMBIENT
finsandtails:high_finned_blue, WATER_AMBIENT
finsandtails:mudhorse, CREATURE
finsandtails:ornate_bugfish, WATER_AMBIENT
finsandtails:phantom_nudibranch, WATER_AMBIENT
finsandtails:penglil, WATER_CREATURE
finsandtails:spindly_gem_crab, WATER_AMBIENT
finsandtails:flatback_leaf_snail, CREATURE
finsandtails:red_bull_crab, WATER_CREATURE
finsandtails:white_bull_crab, WATER_CREATURE
finsandtails:wee_wee, WATER_AMBIENT
finsandtails:vibra_wee, WATER_AMBIENT
finsandtails:river_pebble_snail, AMBIENT
finsandtails:siderol_whiskered_snail, CREATURE
finsandtails:golden_river_ray, WATER_CREATURE
finsandtails:night_light_squid, WATER_CREATURE
finsandtails:rubber_belly_glider, WATER_CREATURE
finsandtails:teal_arrowfish_arrow, MISC
finsandtails:gopjet, WATER_CREATURE
finsandtails:papa_wee, WATER_CREATURE
finsandtails:wherble, CREATURE
finsandtails:wandering_sailor, CREATURE
finsandtails:crowned_horatee, CREATURE
sophisticatedbackpacks:everlasting_backpack_item, MISC
takesapillage:clay_golem, MISC
takesapillage:archer, MONSTER
takesapillage:skirmisher, MONSTER
takesapillage:legioner, MONSTER
simplyswords:battlestandard, MISC
simplyswords:battlestandarddark, MISC
simplyswords:simplybeeentity, CREATURE
simplyswords:watcher_bat, MISC
simplyswords:skeleton_minion, MONSTER
simplyswords:wolf_minion, CREATURE
simplyswords:goat_stampede, CREATURE
simplyswords:falling_sniffer, MISC
simplyswords:simplyaxolotlentity, CREATURE
simplyswords:thrown_sword, MISC
simplyswords:frostfall_entity, MISC
simplyswords:livyatan_entity, MISC
simplyswords:spear_entity, MISC
simplyswords:runic_entity, MISC
simplyswords:dancing_blade_visual, MISC
simplyswords:frostfall_ice_spike_visual, MISC
simplyswords:soulrender_mark_visual, MISC
simplyswords:revival_candle_visual, MISC
simplyswords:soulkeeper_lantern_visual, MISC
simplyswords:flame_seed_visual, MISC
simplyswords:whisperwind_slash_visual, MISC
simplyswords:dreadwhisper_visual, MISC
simplyswords:runic_slash_projectile, MISC
simplyswords:twisted_blade_crescendo_visual, MISC
simplyswords:death_knell_visual, MISC
simplyswords:emberlash_smoulder_visual, MISC
simplyswords:implicit_status_visual, MISC
simplyswords:shadowsting_afterimage_visual, MISC
simplyswords:stars_edge_constellation_visual, MISC
simplyswords:icewhisper_comet_visual, MISC
simplyswords:magispear_firmament_visual, MISC
simplyswords:magispear_falling_spear_visual, MISC
simplyswords:brimstone_claymore_visual, MISC
simplyswords:stormscale_rod_visual, MISC
simplyswords:ionbound_stormscale_visual, MISC
simplyswords:devourer_mass_visual, MISC
simplyswords:devourer_tendril_visual, MISC
simplyswords:devourer_reprisal_visual, MISC
simplyswords:wraithmaw_cutlass, MISC
simplyswords:gloampiercer_spear, MISC
simplyswords:gloampiercer_clone_visual, MISC
simplyswords:soulstalker_stride, MISC
simplyswords:soulstalker_cleave, MISC
simplyswords:soulstalker_tentacle_visual, MISC
simplyswords:dawnquiver_bow_visual, MISC
simplyswords:dawnquiver_arrow, MISC
simplyswords:dawnquiver_impact_visual, MISC
simplyswords:riftmane_charger, MISC
simplyswords:riftmane_rift_visual, MISC
simplyswords:chain_lightning_visual, MISC
simplyswords:lightning_phenomenon_visual, MISC
simplyswords:atmospheric_visual, MISC
simplyswords:furnace_chain_visual, MISC
simplyswords:bramble_root_visual, MISC
simplyswords:dragon_wing_buffet_visual, MISC
simplyswords:dragon_maw_head_visual, MISC
simplyswords:magiblade_warden_head_visual, MISC
simplyswords:dragon_maw_breath_cloud, MISC
simplyswords:verdant_trail_visual, MISC
simplyswords:faultline_spike_visual, MISC
simplyswords:livyatan_wave_visual, MISC
simplyswords:bloodwake_blade_visual, MISC
simplyswords:blood_plague_spread_visual, MISC
simplyswords:blood_stain_visual, MISC
simplyswords:molten_rupture_visual, MISC
simplyswords:caelestis_breach_visual, MISC
simplyswords:soul_pyre_visual, MISC
simplyswords:soul_pyre_wisp, MISC
simplyswords:caelestis_riftling, MONSTER
simplyswords:caelestis_hollow, MONSTER
simplyswords:caelestis_dreadglare, MONSTER
simplyswords:caelestis_tentacle, MISC
simplyswords:waxweaver_wax_visual, MISC
simplyswords:creeper_head, MISC
eeeabsmobs:corpse, MONSTER
eeeabsmobs:corpse_villager, MONSTER
eeeabsmobs:corpse_warlock, MONSTER
eeeabsmobs:corpse_to_player, CREATURE
eeeabsmobs:immortal_skeleton, MONSTER
eeeabsmobs:immortal_archer, MONSTER
eeeabsmobs:immortal_knight, MONSTER
eeeabsmobs:immortal_mage, MONSTER
eeeabsmobs:immortal_warrior, MONSTER
eeeabsmobs:immortal_shaman, MONSTER
eeeabsmobs:immortal_golem, MONSTER
eeeabsmobs:immortal_executioner, MONSTER
eeeabsmobs:immortal, MONSTER
eeeabsmobs:relic_observer, MONSTER
eeeabsmobs:relic_ripper, MONSTER
eeeabsmobs:relic_earthshaker, MONSTER
eeeabsmobs:relic_annihilator, MONSTER
eeeabsmobs:realm_warden, MONSTER
eeeabsmobs:nameless_guardian, MONSTER
eeeabsmobs:tester, CREATURE
eeeabsmobs:telegraph, MISC
eeeabsmobs:explode, MISC
eeeabsmobs:overload_explode, MISC
eeeabsmobs:doombolt_axe, MISC
eeeabsmobs:shaman_bomb, MISC
eeeabsmobs:camera_shake, MISC
eeeabsmobs:falling_block, MISC
eeeabsmobs:infrared_ray, MISC
eeeabsmobs:guardian_laser, MISC
eeeabsmobs:guardian_blade, MISC
eeeabsmobs:eye_of_structure, MISC
eeeabsmobs:poison_arrow, MISC
eeeabsmobs:blood_ball, MISC
eeeabsmobs:crimson_crack, MISC
eeeabsmobs:crimson_ray, MISC
eeeabsmobs:crimson_ray_pre, MISC
eeeabsmobs:pulsed_grenade, MISC
eeeabsmobs:electromagnetic, MISC
eeeabsmobs:annihilator_missile, MISC
eeeabsmobs:surge, MISC
eeeabsmobs:immortal_magic_circle, MISC
eeeabsmobs:immortal_shuriken, MISC
eeeabsmobs:immortal_laser, MISC
born_in_chaos_v1:decrepit_skeleton, MONSTER
born_in_chaos_v1:skeleton_demoman, MONSTER
born_in_chaos_v1:decaying_zombie, MONSTER
born_in_chaos_v1:baby_skeleton, MONSTER
born_in_chaos_v1:baby_skeleton_minion, MONSTER
born_in_chaos_v1:controlled_baby_skeleton, MONSTER
born_in_chaos_v1:barrel_zombie, MONSTER
born_in_chaos_v1:phantom_creeper, MONSTER
born_in_chaos_v1:phantom_creeper_copy, MONSTER
born_in_chaos_v1:door_knight, MONSTER
born_in_chaos_v1:restless_spirit, MONSTER
born_in_chaos_v1:skeleton_thrasher, MONSTER
born_in_chaos_v1:pumpkin_spirit, MONSTER
born_in_chaos_v1:seared_spirit, MONSTER
born_in_chaos_v1:firelight, MONSTER
born_in_chaos_v1:diamond_termite, MONSTER
born_in_chaos_v1:bonescaller, MONSTER
born_in_chaos_v1:bone_imp, MONSTER
born_in_chaos_v1:bone_imp_minion, MONSTER
born_in_chaos_v1:supreme_bonescaller, MONSTER
born_in_chaos_v1:supreme_bonescaller_stage_2, MONSTER
born_in_chaos_v1:dark_vortex, MONSTER
born_in_chaos_v1:dread_hound, MONSTER
born_in_chaos_v1:fallen_chaos_knight, MONSTER
born_in_chaos_v1:scarlet_persecutor, MONSTER
born_in_chaos_v1:spirit_guide, MONSTER
born_in_chaos_v1:spirit_guide_assistant, MONSTER
born_in_chaos_v1:zombie_clown, MONSTER
born_in_chaos_v1:mr_pumpkin, MONSTER
born_in_chaos_v1:mr_pumpkin_controlled, MONSTER
born_in_chaos_v1:sir_pumpkinhead, MONSTER
born_in_chaos_v1:felsteed, MONSTER
born_in_chaos_v1:sir_pumpkinhead_without_horse, MONSTER
born_in_chaos_v1:sir_the_headless, MONSTER
born_in_chaos_v1:pumpkinhead, MONSTER
born_in_chaos_v1:riding_felsteed, MONSTER
born_in_chaos_v1:decaying_zombie_not_despawn, MONSTER
born_in_chaos_v1:door_knight_not_despawn, MONSTER
born_in_chaos_v1:bonescaller_not_despawn, MONSTER
born_in_chaos_v1:supreme_bonescaller_not_despawn, MONSTER
born_in_chaos_v1:skeleton_thrasher_not_despawn, MONSTER
born_in_chaos_v1:dread_hound_not_despawn, MONSTER
born_in_chaos_v1:firelight_not_despawn, MONSTER
born_in_chaos_v1:zombie_clown_not_despawn, MONSTER
born_in_chaos_v1:seared_spirit_not_despawn, MONSTER
born_in_chaos_v1:dire_hound_leader, MONSTER
born_in_chaos_v1:maggot, MONSTER
born_in_chaos_v1:corpse_fly, MONSTER
born_in_chaos_v1:bloody_gadfly, MONSTER
born_in_chaos_v1:corpse_fish, WATER_CREATURE
born_in_chaos_v1:zombie_fisherman, MONSTER
born_in_chaos_v1:swarmer, MONSTER
born_in_chaos_v1:thornshell_crab, CREATURE
born_in_chaos_v1:glutton_fish, WATER_CREATURE
born_in_chaos_v1:zombie_bruiser, MONSTER
born_in_chaos_v1:pumpkin_bomb, MONSTER
born_in_chaos_v1:senor_pumpkin, MONSTER
born_in_chaos_v1:lord_pumpkinhead, MONSTER
born_in_chaos_v1:lords_felsteed, MONSTER
born_in_chaos_v1:lord_pumpkinhead_withouta_horse, MONSTER
born_in_chaos_v1:lord_the_headless, MONSTER
born_in_chaos_v1:lord_pumpkinhead_head, MONSTER
born_in_chaos_v1:infernal_spirit, MONSTER
born_in_chaos_v1:riding_lords_felsteed, MONSTER
born_in_chaos_v1:staffof_magic_arrows_projectile, MISC
born_in_chaos_v1:staffof_blindness_projectile, MISC
born_in_chaos_v1:pumpkin_staff_projectile, MISC
born_in_chaos_v1:staffof_magic_arrows_2_projectile, MISC
born_in_chaos_v1:pumpkin_staff_2_projectile, MISC
born_in_chaos_v1:intoxicatind_bomb_projectile, MISC
born_in_chaos_v1:pumpkin_pistol_projectile, MISC
born_in_chaos_v1:pumpkin_pistol_2_projectile, MISC
born_in_chaos_v1:zombie_lumberjack, MONSTER
born_in_chaos_v1:siamese_skeletons, MONSTER
born_in_chaos_v1:siamese_skeletonsleft, MONSTER
born_in_chaos_v1:siamese_skeletonsright, MONSTER
born_in_chaos_v1:missioner, MONSTER
born_in_chaos_v1:missionary_charge, MISC
born_in_chaos_v1:stimulating_bombprojectile, MISC
born_in_chaos_v1:phantom_bomb_entity, MONSTER
born_in_chaos_v1:phantom_bomb_projectile, MISC
born_in_chaos_v1:controlled_spiritual_assistant, MONSTER
born_in_chaos_v1:spiritof_chaos, MONSTER
born_in_chaos_v1:lifestealer, MONSTER
born_in_chaos_v1:lifestealer_true_form, MONSTER
born_in_chaos_v1:baby_spider, MONSTER
born_in_chaos_v1:mother_spider, MONSTER
born_in_chaos_v1:baby_spider_controlled, CREATURE
born_in_chaos_v1:nightmare_stalker, MONSTER
born_in_chaos_v1:pumpkin_dunce, MONSTER
born_in_chaos_v1:mrs_pumpkin, MONSTER
born_in_chaos_v1:pumpkin_bruiser, MONSTER
born_in_chaos_v1:krampus, MONSTER
born_in_chaos_v1:krampus_henchman, MONSTER
born_in_chaos_v1:missionary_raider, MONSTER
born_in_chaos_v1:rotten_easter_egg_projectile, MISC
born_in_chaos_v1:spiritual_easter_egg_projectile, MISC
born_in_chaos_v1:monstrous_easter_egg_projectile, MISC
wildernature:bison, CREATURE
wildernature:boar, CREATURE
wildernature:cassowary, CREATURE
wildernature:deer, CREATURE
wildernature:dog, CREATURE
wildernature:flamingo, CREATURE
wildernature:hedgehog, CREATURE
wildernature:minisheep, CREATURE
wildernature:owl, CREATURE
wildernature:pelican, CREATURE
wildernature:penguin, CREATURE
wildernature:raccoon, CREATURE
wildernature:red_wolf, CREATURE
wildernature:squirrel, CREATURE
wildernature:turkey, CREATURE
wildernature:bullet, MISC
new_shield_variants:ignored_thrown_tnt, MISC
new_shield_variants:ignored_thrown_fire_charge, MISC
dreadsteel:scythe_projectile_default, MISC
dreadsteel:scythe_projectile_black, MISC
dreadsteel:scythe_projectile_bronze, MISC
dreadsteel:scythe_projectile_white, MISC
soulsweapons:withered_demon, MONSTER
soulsweapons:accursed_lord_boss, MONSTER
soulsweapons:draugr_boss, MONSTER
soulsweapons:night_shade, MONSTER
soulsweapons:returning_knight, MONSTER
soulsweapons:remnant, MONSTER
soulsweapons:dark_sorcerer, MONSTER
soulsweapons:big_chungus, MONSTER
soulsweapons:soul_reaper_ghost, MONSTER
soulsweapons:forlorn, MONSTER
soulsweapons:evil_forlorn, MONSTER
soulsweapons:soulmass, MONSTER
soulsweapons:chaos_monarch, MONSTER
soulsweapons:moonknight, MONSTER
soulsweapons:frost_giant, MONSTER
soulsweapons:rime_spectre, MONSTER
soulsweapons:day_stalker, MONSTER
soulsweapons:night_prowler, MONSTER
soulsweapons:warmth_entity, MONSTER
soulsweapons:moonlight_projectile, MISC
soulsweapons:big_moonlight_projectile, MISC
soulsweapons:dark_moon_projectile, MISC
soulsweapons:vertical_moonlight_projectile, MISC
soulsweapons:horizontal_moonlight_projectile, MISC
soulsweapons:sunlight_projectile_small, MISC
soulsweapons:sunlight_projectile_big, MISC
soulsweapons:vertical_sunlight_projectile, MISC
soulsweapons:swordspear_entity, MISC
soulsweapons:comet_spear_entity, MISC
soulsweapons:charged_arrow_entity, MISC
soulsweapons:silver_bullet_entity, MISC
soulsweapons:cannonball_entity_type, MISC
soulsweapons:leviathan_axe_entity, MISC
soulsweapons:mjolnir_entity, MISC
soulsweapons:freyr_sword_entity, MISC
soulsweapons:shadow_orb_entity, MISC
soulsweapons:draupnir_spear_entity, MISC
soulsweapons:area_effect_sphere, MISC
soulsweapons:dragon_staff_projectile, MISC
soulsweapons:withered_wabbajack_projectile, MISC
soulsweapons:chaos_skull, MISC
soulsweapons:chaos_orb_entity, MISC
soulsweapons:growing_fireball, MISC
soulsweapons:night_skull, MISC
soulsweapons:fog_entity, MISC
soulsweapons:blackflame_snake_entity, MISC
soulsweapons:no_drag_wither_skull, MISC
soulsweapons:death_spiral, MISC
soulsweapons:nights_edge, MISC
soulsweapons:night_wave, MISC
soulsweapons:flame_pillar, MISC
soulsweapons:kraken_slayer_projectile, MISC
soulsweapons:moonlight_arrow, MISC
soulsweapons:arrow_storm_entity, MISC
soulsweapons:holy_moonlight_pillar, MISC
soulsweapons:warmup_lightning, MISC
soulsweapons:ghost_glaive, MISC
soulsweapons:moonveil_horizontal, MISC
soulsweapons:moonveil_vertical, MISC
soulsweapons:blackflame_explosion_entity, MISC
soulsweapons:absorbed_projectiles_orb_entity, MISC
soulsweapons:frozen_lightning, MISC
soulsweapons:silver_arrow, MISC
soulsweapons:chungus_head, MISC
soulsweapons:air_combustion, MISC
soulsweapons:molten_metal, MISC
l2complements:soul_fire_charge, MISC
l2complements:strong_fire_charge, MISC
l2complements:black_fire_charge, MISC
obscure_api:vfx, MISC
tumbleweed:tumbleweed, MISC
artifacts:mimic, MISC
decorative_blocks:dummy_entity, MISC
bosses_of_mass_destruction:lich, MONSTER
bosses_of_mass_destruction:blue_fireball, MISC
bosses_of_mass_destruction:comet, MISC
bosses_of_mass_destruction:soul_star, MISC
bosses_of_mass_destruction:charged_ender_pearl, MISC
bosses_of_mass_destruction:obsidilith, MONSTER
bosses_of_mass_destruction:gauntlet, MONSTER
bosses_of_mass_destruction:void_blossom, MONSTER
bosses_of_mass_destruction:spore_ball, MISC
bosses_of_mass_destruction:petal_blade, MISC
raided:inquisitor, MONSTER
raided:incinerator, MONSTER
raided:incinerator_fireball, MISC
raided:savager, MONSTER
raided:necromancer, MONSTER
raided:electromancer, MONSTER
raided:lightning, MISC
friendsandfoes:copper_golem, MISC
friendsandfoes:crab, CREATURE
friendsandfoes:glare, glares
friendsandfoes:iceologer, MONSTER
friendsandfoes:ice_chunk, MISC
friendsandfoes:mauler, CREATURE
friendsandfoes:moobloom, CREATURE
friendsandfoes:rascal, rascals
friendsandfoes:tuff_golem, MISC
friendsandfoes:wildfire, MONSTER
friendsandfoes:player_illusion, MISC
new_slab_variants:primed_tnt_slab, MISC
another_furniture:seat, MISC
l2hostility:hostility_bullet, MISC
l2hostility:hostility_charge, MISC
mynethersdelight:strider_rock, MISC
betterarcheology:bombentity, MISC
oddorganisms:dawn_horse, CREATURE
oddorganisms:doedicurus, CREATURE
oddorganisms:eolactoria, WATER_CREATURE
oddorganisms:apthoroblattina, CREATURE
oddorganisms:leptictidium, CREATURE
oddorganisms:borealopelta, CREATURE
oddorganisms:falcatus, WATER_CREATURE
oddorganisms:slovenicus, WATER_CREATURE
irons_spellbooks:wisp, MISC
irons_spellbooks:spectral_hammer, MISC
irons_spellbooks:magic_missile, MISC
irons_spellbooks:thrown_item, MISC
irons_spellbooks:cone_of_cold, MISC
irons_spellbooks:blood_slash, MISC
irons_spellbooks:electrocute, MISC
irons_spellbooks:firebolt, MISC
irons_spellbooks:icicle, MISC
irons_spellbooks:fire_breath, MISC
irons_spellbooks:dragon_breath, MISC
irons_spellbooks:debug_wizard, MONSTER
irons_spellbooks:spectral_steed, CREATURE
irons_spellbooks:shield, MISC
irons_spellbooks:wall_of_fire, MISC
irons_spellbooks:summoned_vex, CREATURE
irons_spellbooks:pyromancer, MONSTER
irons_spellbooks:cryomancer, MONSTER
irons_spellbooks:lightning_lance, MISC
irons_spellbooks:necromancer, MONSTER
irons_spellbooks:summoned_zombie, MISC
irons_spellbooks:summoned_skeleton, MISC
irons_spellbooks:wither_skull, MISC
irons_spellbooks:magic_arrow, MISC
irons_spellbooks:creeper_head, MISC
irons_spellbooks:frozen_humanoid, MISC
irons_spellbooks:small_fireball, MISC
irons_spellbooks:fireball, MISC
irons_spellbooks:summoned_polar_bear, CREATURE
irons_spellbooks:dead_king, MONSTER
irons_spellbooks:dead_king_corpse, MISC
irons_spellbooks:dead_king_soul, MISC
irons_spellbooks:catacombs_zombie, MONSTER
irons_spellbooks:archevoker, MONSTER
irons_spellbooks:magehunter_vindicator, MONSTER
irons_spellbooks:citadel_keeper, MONSTER
irons_spellbooks:fire_boss, MONSTER
irons_spellbooks:sculk_tentacle, MISC
irons_spellbooks:ice_block_projectile, MISC
irons_spellbooks:poison_cloud, MISC
irons_spellbooks:sunbeam, MISC
irons_spellbooks:dragon_breath_pool, MISC
irons_spellbooks:poison_breath, MISC
irons_spellbooks:poison_arrow, MISC
irons_spellbooks:small_magic_arrow, MISC
irons_spellbooks:poison_splash, MISC
irons_spellbooks:acid_orb, MISC
irons_spellbooks:root, MISC
irons_spellbooks:black_hole, MISC
irons_spellbooks:blood_needle, MISC
irons_spellbooks:fire_field, MISC
irons_spellbooks:magma_ball, MISC
irons_spellbooks:comet, MISC
irons_spellbooks:target_area, MISC
irons_spellbooks:healing_aoe, MISC
irons_spellbooks:earthquake_aoe, MISC
irons_spellbooks:blizzard_aoe, MISC
irons_spellbooks:priest, CREATURE
irons_spellbooks:visual_falling_block, MISC
irons_spellbooks:guiding_bolt, MISC
irons_spellbooks:gust, MISC
irons_spellbooks:chain_lightning, MISC
irons_spellbooks:ray_of_frost, MISC
irons_spellbooks:eldritch_blast, MISC
irons_spellbooks:devour_jaw, MISC
irons_spellbooks:firefly_swarm, MISC
irons_spellbooks:arrow_volley, MISC
irons_spellbooks:portal, MISC
irons_spellbooks:stomp_aoe, MISC
irons_spellbooks:lightning_strike, MISC
irons_spellbooks:apothecarist, MONSTER
irons_spellbooks:echoing_strike, MISC
irons_spellbooks:cultist, MONSTER
irons_spellbooks:ball_lightning, MISC
irons_spellbooks:ice_spike, MISC
irons_spellbooks:fire_arrow, MISC
irons_spellbooks:fire_eruption, MISC
irons_spellbooks:fiery_dagger, MISC
irons_spellbooks:cursed_armor_stand, MONSTER
irons_spellbooks:thunderstep_orb, MISC
irons_spellbooks:summoned_sword, MISC
irons_spellbooks:summoned_claymore, MISC
irons_spellbooks:summoned_rapier, MISC
irons_spellbooks:ice_spider, MONSTER
irons_spellbooks:ice_tomb, MISC
irons_spellbooks:snowball, MISC
irons_spellbooks:frost_field, MISC
irons_spellbooks:spear, MISC
irons_spellbooks:ominous_fire_orb, MISC
irons_spellbooks:undead_rift, MISC
irons_spellbooks:fang_swirl, MISC
irons_spellbooks:arcane_shackle, MISC
irons_spellbooks:ender_chain, MISC
irons_spellbooks:echoing_sword, MISC
irons_spellbooks:echoing_arrow, MISC
irons_spellbooks:scapegoat, MISC
stalwart_dungeons:projectile_spore_bottle, MISC
stalwart_dungeons:projectile_tungsten_shield, MISC
stalwart_dungeons:projectile_warted_tungsten_shield, MISC
stalwart_dungeons:projectile_awful_gun, MISC
stalwart_dungeons:projectile_awful_dungeon_spawner, MISC
stalwart_dungeons:projectile_keeping_castle_spawner, MISC
stalwart_dungeons:awful_ghast, MONSTER
stalwart_dungeons:nether_keeper, MONSTER
stalwart_dungeons:giddy_blaze, MONSTER
stalwart_dungeons:incomplete_wither, MONSTER
stalwart_dungeons:reinforced_blaze, MONSTER
stalwart_dungeons:projectile_chorundum_shield, MISC
stalwart_dungeons:projectile_end_dungeon_spawner, MISC
stalwart_dungeons:propulk, CREATURE
stalwart_dungeons:shelterer, MONSTER
stalwart_dungeons:projectile_levitation_projectile, MISC
stalwart_dungeons:spore_projectile, MONSTER
stalwart_dungeons:nether_wart_cocoon, MONSTER
stalwart_dungeons:shelterer_without_armor, MONSTER
stalwart_dungeons:shulker_cannon, MISC
stalwart_dungeons:projectile_cannon_pr, MISC
goety:nether_meteor, MISC
goety:fireball, MISC
goety:lavaball, MISC
goety:hell_bolt, MISC
goety:hell_blast, MISC
goety:hell_chant, MISC
goety:sword, MISC
goety:ice_spike, MISC
goety:ice_spear, MISC
goety:ice_storm, MISC
goety:ghost_arrow, MISC
goety:rain_arrow, MISC
goety:heavy_arrow, MISC
goety:death_arrow, MISC
goety:harpoon, MISC
goety:poison_quill, MISC
goety:bone_shard, MISC
goety:brew, MISC
goety:reprobate_carry, MISC
goety:scythe, MISC
goety:dragon_fireball, MISC
goety:haunted_skull_shot, MISC
goety:wither_skull, MISC
goety:soul_light, MISC
goety:glow_light, MISC
goety:soul_bullet, MISC
goety:soul_bolt, MISC
goety:poison_bolt, MISC
goety:steam_missile, MISC
goety:wither_bolt, MISC
goety:necro_bolt, MISC
goety:magic_bolt, MISC
goety:shield_debris, MISC
goety:void_shock, MISC
goety:void_shock_bomb, MISC
goety:fang, MISC
goety:spike, MISC
goety:ill_bomb, MISC
goety:cryptic_eye, MISC
goety:void_eye, MISC
goety:flying_item, MISC
goety:electro_orb, MISC
goety:surging_orb, MISC
goety:bouncy_bubble, MISC
goety:ice_bouquet, MISC
goety:magic_fire, MISC
goety:hellfire, MISC
goety:ice_chunk, MISC
goety:vicious_tooth, MISC
goety:vicious_pike, MISC
goety:earth_fist, MISC
goety:blossom_thorn, MISC
goety:corrupted_beam, MISC
goety:scatter_mine, MISC
goety:scatter_bomb, MISC
goety:soul_bomb, MISC
goety:snap_fungus, MISC
goety:blast_fungus, MISC
goety:berserk_fungus, MISC
goety:pyroclast, MISC
goety:smack_stone, MISC
goety:magma_bomb, MISC
goety:blossom_ball, MISC
goety:web_shot, MISC
goety:snareling_shot, MISC
goety:ender_goo, MISC
goety:entangle_vines, MISC
goety:spider_web, MISC
goety:snareling_goop, MISC
goety:obsidian_monolith, MONSTER
goety:totemic_wall, MONSTER
goety:totemic_bomb, MONSTER
goety:glacial_wall, MONSTER
goety:quick_growing_vine, MONSTER
goety:quick_growing_kelp, MONSTER
goety:poison_quill_vine, MONSTER
goety:poison_anemone, MONSTER
goety:biomine, MISC
goety:spider_egg, MONSTER
goety:insect_swarm, MONSTER
goety:beast_head, MISC
goety:gulf_tentacle, MISC
goety:volcano, MISC
goety:fire_tornado, MISC
goety:cyclone, MISC
goety:tidal_surge, MISC
goety:razor_wind, MISC
goety:void_slash, MISC
goety:falling_block, MISC
goety:boat, MISC
goety:chest_boat, MISC
goety:haunted_broom, MISC
goety:haunted_painting, MISC
goety:haunted_armor_stand, MISC
goety:apostle, MONSTER
goety:warlock, MONSTER
goety:wartling, MONSTER
goety:heretic, MONSTER
goety:maverick, MONSTER
goety:reprobate, MONSTER
goety:crone, MONSTER
goety:heresiarch, MONSTER
goety:skeleton_villager_servant, MONSTER
goety:zpiglin_servant, MONSTER
goety:zpiglin_brute_servant, MONSTER
goety:malghast, MONSTER
goety:inferno, MONSTER
goety:damned, MONSTER
goety:vampire_bat, MONSTER
goety:hostile_black_wolf, MONSTER
goety:frayed, MONSTER
goety:rattled, MONSTER
goety:hostile_zombie_vindicator, MONSTER
goety:hostile_skeleton_pillager, MONSTER
goety:reaper, MONSTER
goety:wraith, MONSTER
goety:border_wraith, MONSTER
goety:muck_wraith, MONSTER
goety:crypt_slime, MONSTER
goety:web_spider, MONSTER
goety:icy_spider, MONSTER
goety:bone_spider, MONSTER
goety:brood_mother, MONSTER
goety:necromancer, MONSTER
goety:cairn_necromancer, MONSTER
goety:mossy_necromancer, MONSTER
goety:haunted_armor, MONSTER
goety:watchling, MONSTER
goety:blastling, MONSTER
goety:snareling, MONSTER
goety:endersent, MONSTER
goety:ender_keeper, MONSTER
goety:vex_servant, MONSTER
goety:irk_servant, MONSTER
goety:zombie_servant, MONSTER
goety:zombie_villager_servant, MONSTER
goety:zombie_vindicator, MONSTER
goety:husk_servant, MONSTER
goety:drowned_servant, MONSTER
goety:frozen_zombie_servant, MONSTER
goety:jungle_zombie_servant, MONSTER
goety:frayed_servant, MONSTER
goety:blackguard_servant, MONSTER
goety:blackguard_variant_servant, MONSTER
goety:skeleton_servant, MONSTER
goety:skeleton_pillager, MONSTER
goety:stray_servant, MONSTER
goety:wither_skeleton_servant, MONSTER
goety:mossy_skeleton_servant, MONSTER
goety:sunken_skeleton_servant, MONSTER
goety:rattled_servant, MONSTER
goety:necromancer_servant, MONSTER
goety:cairn_necromancer_servant, MONSTER
goety:mossy_necromancer_servant, MONSTER
goety:drowned_necromancer_servant, MONSTER
goety:wither_necromancer_servant, MONSTER
goety:vanguard_servant, MONSTER
goety:reaper_servant, MONSTER
goety:wraith_servant, MONSTER
goety:border_wraith_servant, MONSTER
goety:muck_wraith_servant, MONSTER
goety:phantom_servant, MONSTER
goety:bound_evoker, MONSTER
goety:bound_geomancer, MONSTER
goety:bound_iceologer, MONSTER
goety:bound_cryologer, MONSTER
goety:bound_wind_caller, MONSTER
goety:bound_storm_caster, MONSTER
goety:haunted_armor_servant, MONSTER
goety:haunted_skull, MONSTER
goety:sprite, MONSTER
goety:burning_hoglin, MONSTER
goety:doppelganger, MISC
goety:mini_ghast, MONSTER
goety:ghast_servant, MONSTER
goety:blaze_servant, MONSTER
goety:wildfire, MONSTER
goety:slime_servant, MONSTER
goety:magma_cube_servant, MONSTER
goety:crypt_slime_servant, MONSTER
goety:tropical_slime_servant, MONSTER
goety:spider_servant, MONSTER
goety:cave_spider_servant, MONSTER
goety:web_spider_servant, MONSTER
goety:icy_spider_servant, MONSTER
goety:bone_spider_servant, MONSTER
goety:brood_mother_servant, MONSTER
goety:prisoner, CREATURE
goety:neollager, MONSTER
goety:pillager_servant, MONSTER
goety:imperial_guard_servant, MONSTER
goety:piker_servant, MONSTER
goety:signaler_servant, MONSTER
goety:vindicator_servant, MONSTER
goety:vindicator_chef_servant, MONSTER
goety:mountaineer_servant, MONSTER
goety:crusher_servant, MONSTER
goety:royal_guard_servant, MONSTER
goety:evoker_servant, MONSTER
goety:geomancer_servant, MONSTER
goety:iceologer_servant, MONSTER
goety:cryologer_servant, MONSTER
goety:wind_caller_servant, MONSTER
goety:storm_caster_servant, MONSTER
goety:ripper_servant, MONSTER
goety:trampler_servant, MONSTER
goety:ravaged, MONSTER
goety:ravager, MONSTER
goety:armored_ravager, MONSTER
goety:zombie_ravager, MONSTER
goety:witch_servant, MONSTER
goety:warlock_servant, MONSTER
goety:heretic_servant, MONSTER
goety:maverick_servant, MONSTER
goety:reprobate_servant, MONSTER
goety:black_wolf, MONSTER
goety:skeleton_wolf, MONSTER
goety:winter_wolf, MONSTER
goety:stormhound, MONSTER
goety:hellhound, MONSTER
goety:twilight_goat, MONSTER
goety:snapper, MONSTER
goety:gnasher, MONSTER
goety:guardian_servant, MONSTER
goety:elder_guardian_servant, MONSTER
goety:bear_servant, MONSTER
goety:polar_bear_servant, MONSTER
goety:hoglin_servant, MONSTER
goety:black_beast, MONSTER
goety:whisperer, MONSTER
goety:wavewhisperer, MONSTER
goety:leapleaf, MONSTER
goety:stone_ministrosity, MONSTER
goety:redstone_ministrosity, MONSTER
goety:ice_golem, MONSTER
goety:squall_golem, MONSTER
goety:redstone_golem, MONSTER
goety:grave_golem, MONSTER
goety:haunt, MONSTER
goety:redstone_monstrosity, MONSTER
goety:redstone_cube, MONSTER
goety:watchling_servant, MONSTER
goety:blastling_servant, MONSTER
goety:snareling_servant, MONSTER
goety:sorcerer, MONSTER
goety:envioker, MONSTER
goety:tormentor, MONSTER
goety:inquillager, MONSTER
goety:conquillager, MONSTER
goety:piker, MONSTER
goety:ripper, MONSTER
goety:trampler, MONSTER
goety:crusher, MONSTER
goety:storm_caster, MONSTER
goety:cryologer, MONSTER
goety:preacher, MONSTER
goety:minister, MONSTER
goety:hostile_redstone_golem, MONSTER
goety:hostile_redstone_monstrosity, MONSTER
goety:vizier, MONSTER
goety:vizier_clone, MONSTER
goety:irk, MONSTER
goety:wight, MONSTER
goety:carrion_maggot, MONSTER
goety:carrion_fly, MONSTER
goety:skull_lord, MONSTER
goety:bone_lord, MONSTER
goety:wither_necromancer, MONSTER
goety:lightning_trap, MISC
goety:magic_lightning_trap, MISC
goety:void_lightning_trap, MISC
goety:fire_rain_trap, MISC
goety:arrow_rain_trap, MISC
goety:fire_tornado_trap, MISC
goety:fire_blast_trap, MISC
goety:updraft_blast, MISC
goety:effect_blast_trap, MISC
goety:cushion, MISC
goety:magic_ground, MISC
goety:acid_pool, MISC
goety:fire_pillar, MISC
goety:void_rift, MISC
goety:trident_storm, MISC
goety:storm_util, MISC
goety:summon_apostle, MISC
goety:hail_cloud, MISC
goety:monsoon_cloud, MISC
goety:hell_cloud, MISC
goety:spell_lightning_bolt, MISC
goety:allied_effect_cloud, MISC
goety:brew_effect_cloud, MISC
goety:brew_effect_gas, MISC
goety:dragon_breath_cloud, MISC
lost_aether_content:aerwhale_king, MONSTER
lost_aether_content:falling_rock, MISC
lost_aether_content:cloud_shot, MISC
origins:enderian_pearl, MISC
celestisynth:tempest, MONSTER
celestisynth:traverser, MONSTER
celestisynth:veilguard, MONSTER
celestisynth:cs_effect, MISC
celestisynth:crescentia_ranged, MISC
celestisynth:breezebreaker_tornado, MISC
celestisynth:poltergeist_ward, MISC
celestisynth:rainfall_rain, MISC
celestisynth:frostbound_ice_cast, MISC
celestisynth:rainfall_laser_marker, MISC
celestisynth:keres_smash, MISC
celestisynth:keres_slash_wave, MISC
celestisynth:aquaflora_camera, MISC
celestisynth:rainfall_turret, MISC
celestisynth:star_monolith, MONSTER
celestisynth:rainfall_arrow, MISC
celestisynth:frostbound_shard, MISC
celestisynth:solaris_bomb, MISC
celestisynth:crescentia_dragon, MISC
celestisynth:keres_shadow, MISC
celestisynth:keres_rend, MISC
celestisynth:keres_slash, MISC
deep_aether:boat, MISC
deep_aether:chest_boat, MISC
deep_aether:quail_egg, MISC
deep_aether:aerglow_fish, WATER_CREATURE
deep_aether:quail, CREATURE
deep_aether:venomite, CREATURE
deep_aether:windfly, CREATURE
deep_aether:eots_controller, CREATURE
deep_aether:eots_segment, CREATURE
deep_aether:wind_crystal, MISC
deep_aether:fire_projectile, MISC
deep_aether:venomite_bubble, MISC
deep_aether:baby_zephyr, AETHER_SKY_MONSTER
deep_aether:storm_arrow, MISC
deep_aether:gentle_wind, CREATURE
vanimals:bison, CREATURE
vanimals:four_eyed_fish, WATER_AMBIENT
vanimals:mudskipper, CREATURE
vanimals:napoleon_fish, WATER_AMBIENT
species:wraptor, MONSTER
species:deepfish, UNDERGROUND_WATER_CREATURE
species:stackatick, CREATURE
species:birt, CREATURE
species:birt_egg, MISC
species:limpet, MONSTER
species:treeper, CREATURE
species:trooper, CREATURE
species:goober, CREATURE
species:cruncher, CREATURE
species:mammutilation, CREATURE
species:springling, CREATURE
species:cruncher_pellet, MISC
species:goober_goo, MISC
species:ghoul, MONSTER
species:quake, MONSTER
species:deflector_dummy, MISC
species:bewereager, MONSTER
species:spectre, MONSTER
species:wicked, MONSTER
species:wicked_fireball, MISC
species:wicked_swapper, MISC
species:leaf_hanger, WATER_CREATURE
species:cliff_hanger, MONSTER
species:coil, MISC
species:harpoon, MISC
etched:jukebox_minecart, MISC
aquaculture:water_arrow, MISC
aquaculture:spectral_water_arrow, MISC
aquaculture:box_turtle, CREATURE
aquaculture:arrau_turtle, CREATURE
aquaculture:starshell_turtle, CREATURE
aquaculture:atlantic_cod, WATER_AMBIENT
aquaculture:blackfish, WATER_AMBIENT
aquaculture:pacific_halibut, WATER_AMBIENT
aquaculture:atlantic_halibut, WATER_AMBIENT
aquaculture:atlantic_herring, WATER_AMBIENT
aquaculture:pink_salmon, WATER_AMBIENT
aquaculture:pollock, WATER_AMBIENT
aquaculture:rainbow_trout, WATER_AMBIENT
aquaculture:bayad, WATER_AMBIENT
aquaculture:boulti, WATER_AMBIENT
aquaculture:capitaine, WATER_AMBIENT
aquaculture:synodontis, WATER_AMBIENT
aquaculture:smallmouth_bass, WATER_AMBIENT
aquaculture:bluegill, WATER_AMBIENT
aquaculture:brown_trout, WATER_AMBIENT
aquaculture:carp, WATER_AMBIENT
aquaculture:catfish, WATER_AMBIENT
aquaculture:gar, WATER_AMBIENT
aquaculture:minnow, WATER_AMBIENT
aquaculture:muskellunge, WATER_AMBIENT
aquaculture:perch, WATER_AMBIENT
aquaculture:arapaima, WATER_AMBIENT
aquaculture:piranha, WATER_AMBIENT
aquaculture:tambaqui, WATER_AMBIENT
aquaculture:brown_shrooma, WATER_AMBIENT
aquaculture:red_shrooma, WATER_AMBIENT
aquaculture:jellyfish, WATER_AMBIENT
aquaculture:red_grouper, WATER_AMBIENT
aquaculture:tuna, WATER_AMBIENT
aquaculture:oak_fish_mount, MISC
aquaculture:spruce_fish_mount, MISC
aquaculture:birch_fish_mount, MISC
aquaculture:jungle_fish_mount, MISC
aquaculture:acacia_fish_mount, MISC
aquaculture:dark_oak_fish_mount, MISC
cofh_core:knife, MISC
cofh_core:electric_field, MISC
cofh_core:frost_field, MISC
archers_paradox:explosive_arrow, MISC
archers_paradox:quartz_arrow, MISC
archers_paradox:diamond_arrow, MISC
archers_paradox:prismarine_arrow, MISC
archers_paradox:slime_arrow, MISC
archers_paradox:ender_arrow, MISC
archers_paradox:training_arrow, MISC
archers_paradox:challenge_arrow, MISC
archers_paradox:phantasmal_arrow, MISC
archers_paradox:shulker_arrow, MISC
archers_paradox:blaze_arrow, MISC
archers_paradox:frost_arrow, MISC
archers_paradox:lightning_arrow, MISC
archers_paradox:verdant_arrow, MISC
archers_paradox:spore_arrow, MISC
vp:black_hole, MISC
vp:vortex, MISC
vp:killer, MONSTER
vp:easter_egg_entity, MISC
vp:cloud_entity, MISC
vp:oyster, WATER_CREATURE
vp:seashell, WATER_CREATURE
vp:shellheal, MISC
wither_spawn_animation:animated_altar_z, MONSTER
wither_spawn_animation:animated_altar_min_z, MONSTER
wither_spawn_animation:animated_altar_x, MONSTER
wither_spawn_animation:animated_altar_min_x, MONSTER
wither_spawn_animation:animated_altar_soil_z, MONSTER
wither_spawn_animation:animated_altar_soil_min_z, MONSTER
wither_spawn_animation:animated_altar_soil_x, MONSTER
wither_spawn_animation:animated_altar_soil_min_x, MONSTER
wither_spawn_animation:animated_altar_storm_z, MONSTER
wither_spawn_animation:animated_altar_storm_min_z, MONSTER
wither_spawn_animation:animated_altar_storm_x, MONSTER
wither_spawn_animation:animated_altar_storm_min_x, MONSTER
wither_spawn_animation:animated_altar_bygone_z, MONSTER
wither_spawn_animation:animated_altar_bygone_min_z, MONSTER
wither_spawn_animation:animated_altar_bygone_x, MONSTER
wither_spawn_animation:animated_altar_bygone_min_x, MONSTER
wither_spawn_animation:animated_altar_storm_soil_z, MONSTER
wither_spawn_animation:animated_altar_storm_soil_min_z, MONSTER
wither_spawn_animation:animated_altar_storm_soil_x, MONSTER
wither_spawn_animation:animated_altar_storm_soil_min_x, MONSTER
splendid_slimes:splendid_slime, CREATURE
splendid_slimes:tarr, MONSTER
splendid_slimes:item_projectile, MISC
unusualprehistory:stethacanthus, WATER_CREATURE
unusualprehistory:majunga, CREATURE
unusualprehistory:anuro, CREATURE
unusualprehistory:beelz, CREATURE
unusualprehistory:ammon, WATER_CREATURE
unusualprehistory:dunk, WATER_CREATURE
unusualprehistory:coty, CREATURE
unusualprehistory:beelz_tadpole, WATER_AMBIENT
unusualprehistory:baby_dunk, WATER_AMBIENT
unusualprehistory:scau, WATER_AMBIENT
unusualprehistory:trike, CREATURE
unusualprehistory:pachy, CREATURE
unusualprehistory:brachi_teen, CREATURE
unusualprehistory:brachi, CREATURE
unusualprehistory:veloci, CREATURE
unusualprehistory:rex, CREATURE
unusualprehistory:encrusted, MONSTER
unusualprehistory:amber_shot, MISC
unusualprehistory:baby_rex, CREATURE
unusualprehistory:baby_brachi, CREATURE
unusualprehistory:eryon, CREATURE
unusualprehistory:austroraptor, CREATURE
unusualprehistory:antarctopelta, CREATURE
unusualprehistory:ulughbegsaurus, CREATURE
unusualprehistory:kentrosaurus, CREATURE
unusualprehistory:hwachavenator, CREATURE
unusualprehistory:talpanas, CREATURE
unusualprehistory:gigantopithicus, CREATURE
unusualprehistory:barinasuchus, CREATURE
unusualprehistory:megatherium, CREATURE
unusualprehistory:smilodon, CREATURE
unusualprehistory:paraceratherium, CREATURE
unusualprehistory:mammoth, CREATURE
unusualprehistory:palaeophis, WATER_CREATURE
unusualprehistory:megalania, CREATURE
unusualprehistory:baby_megatherium, CREATURE
unusualprehistory:baby_giganto, CREATURE
unusualprehistory:baby_paracer, CREATURE
unusualprehistory:baby_megalania, CREATURE
unusualprehistory:baby_palaophis, WATER_AMBIENT
unusualprehistory:baby_mammoth, CREATURE
unusualprehistory:baby_smilodon, CREATURE
unusualprehistory:baby_barina, CREATURE
unusualprehistory:sludge, MONSTER
unusualprehistory:iceberg_mammoth, CREATURE
unusualprehistory:iceberg_smilodon, CREATURE
unusualprehistory:opalescent_pearl, MISC
unusualprehistory:opalescent_shuriken, MISC
unusualprehistory:throwable_falling_block, MISC
unusualprehistory:archaefructus, MISC
ancient_aether:fluffalo, CREATURE
ancient_aether:festive_swet, AETHER_SURFACE_MONSTER
ancient_aether:slammroot, MONSTER
ancient_aether:aeronautic_leaper, MONSTER
ancient_aether:mutated_aechor_plant, MONSTER
ancient_aether:wind_blow, MISC
ancient_aether:aeronautic_dart, MISC
ancient_aether:mutated_aechor_needle, MISC
ancient_aether:spore_bomb, MISC
ancient_aether:remedy_crystal, MISC
ancient_aether:boat, MISC
ancient_aether:chest_boat, MISC
aether_redux:volatile_fire_crystal, MISC
aether_redux:vanilla_swet, AETHER_SURFACE_MONSTER
aether_redux:infused_veridium_dart, MISC
aether_redux:veridium_dart, MISC
aether_redux:thrown_spear, MISC
aether_redux:ember, MISC
aether_redux:shimmercow, CREATURE
aether_redux:mykapod, CREATURE
aether_redux:blightbunny, AETHER_DARKNESS_MONSTER
aether_redux:cockatrice_spawner, CREATURE
aether_redux:blightbunny_spawner, CREATURE
aether_redux:fieldsproot_boat, MISC
aether_redux:fieldsproot_chest_boat, MISC
aether_redux:blightwillow_boat, MISC
aether_redux:blightwillow_chest_boat, MISC
aether_redux:cloudcap_boat, MISC
aether_redux:cloudcap_chest_boat, MISC
aether_redux:jellyshroom_boat, MISC
aether_redux:jellyshroom_chest_boat, MISC
aether_redux:crystal_boat, MISC
aether_redux:crystal_chest_boat, MISC
aether_redux:glacia_boat, MISC
aether_redux:glacia_chest_boat, MISC
crittersandcompanions:dragonfly, AMBIENT
crittersandcompanions:dumbo_octopus, WATER_AMBIENT
crittersandcompanions:ferret, CREATURE
crittersandcompanions:jumping_spider, CREATURE
crittersandcompanions:koi_fish, WATER_AMBIENT
crittersandcompanions:leaf_insect, AMBIENT
crittersandcompanions:otter, WATER_CREATURE
crittersandcompanions:red_panda, CREATURE
crittersandcompanions:sea_bunny, WATER_AMBIENT
crittersandcompanions:shima_enaga, CREATURE
crittersandcompanions:ladybug, AMBIENT
crittersandcompanions:stag_beetle, AMBIENT
crittersandcompanions:roly_poly, AMBIENT
crittersandcompanions:snail, AMBIENT
crittersandcompanions:stick_bug, AMBIENT
crittersandcompanions:weevil, AMBIENT
crittersandcompanions:mud_ball, MISC
aquamirae_delight:golden_moth, AMBIENT
domesticationinnovation:chain_lightning, MISC
domesticationinnovation:recall_ball, MISC
domesticationinnovation:feather, MISC
domesticationinnovation:giant_bubble, MISC
domesticationinnovation:following_jukebox, MISC
domesticationinnovation:highlighted_block, MISC
domesticationinnovation:psychic_wall, MISC
easy_npc:allay_raw, MISC
easy_npc:cat_raw, MISC
easy_npc:chicken_raw, MISC
easy_npc:creeper_raw, MONSTER
easy_npc:drowned_raw, MONSTER
easy_npc:fox_raw, MISC
easy_npc:horse_raw, MISC
easy_npc:illusioner_raw, MONSTER
easy_npc:iron_golem_raw, MISC
easy_npc:enderman_raw, MONSTER
easy_npc:piglin_raw, MONSTER
easy_npc:piglin_brute_raw, MONSTER
easy_npc:zombified_piglin_raw, MONSTER
easy_npc:evoker_raw, MONSTER
easy_npc:pig_raw, MISC
easy_npc:pillager_raw, MONSTER
easy_npc:skeleton_raw, MONSTER
easy_npc:stray_raw, MONSTER
easy_npc:wither_skeleton_raw, MONSTER
easy_npc:spider_raw, MONSTER
easy_npc:vex_raw, MISC
easy_npc:villager_raw, MISC
easy_npc:vindicator_raw, MONSTER
easy_npc:witch_raw, MONSTER
easy_npc:wolf_raw, MISC
easy_npc:zombie_raw, MONSTER
easy_npc:husk_raw, MONSTER
easy_npc:zombie_villager_raw, MONSTER
easy_npc:allay, MISC
easy_npc:cat, MISC
easy_npc:chicken, MISC
easy_npc:creeper, MONSTER
easy_npc:drowned, MONSTER
easy_npc:enderman, MONSTER
easy_npc:evoker, MONSTER
easy_npc:fox, MISC
easy_npc:horse, MISC
easy_npc:horse_skeleton, MONSTER
easy_npc:horse_zombie, MONSTER
easy_npc:humanoid, MISC
easy_npc:humanoid_slim, MISC
easy_npc:illusioner, MISC
easy_npc:iron_golem, MISC
easy_npc:piglin, MONSTER
easy_npc:piglin_brute, MONSTER
easy_npc:zombified_piglin, MONSTER
easy_npc:pig, MISC
easy_npc:pillager, MONSTER
easy_npc:skeleton, MONSTER
easy_npc:stray, MONSTER
easy_npc:wither_skeleton, MONSTER
easy_npc:spider, MONSTER
easy_npc:cave_spider, MONSTER
easy_npc:villager, MISC
easy_npc:vex, MONSTER
easy_npc:vindicator, MONSTER
easy_npc:witch, MONSTER
easy_npc:wolf, MISC
easy_npc:zombie, MONSTER
easy_npc:husk, MONSTER
easy_npc:zombie_villager, MONSTER
easy_npc:doppler, MISC
easy_npc:fairy, MISC
easy_npc:orc, MISC
easy_npc:orc_warrior, MISC
easy_npc:example_villager, MISC
easy_npc:example_zombie, MISC
ars_nouveau:spell_proj, MISC
ars_nouveau:arcing_spell_proj, MISC
ars_nouveau:homing_spell_proj, MISC
ars_nouveau:ally_vex, MISC
ars_nouveau:fangs, MISC
ars_nouveau:bookwyrm, MISC
ars_nouveau:starbuncle, CREATURE
ars_nouveau:follow_proj, MISC
ars_nouveau:whirlisprig, CREATURE
ars_nouveau:wixie, MISC
ars_nouveau:flying_item, MISC
ars_nouveau:ritual, MISC
ars_nouveau:wilden_hunter, MONSTER
ars_nouveau:spell_arrow, MISC
ars_nouveau:cinder, MISC
ars_nouveau:summon_wolf, CREATURE
ars_nouveau:wilden_stalker, MONSTER
ars_nouveau:summon_horse, CREATURE
ars_nouveau:summon_skeleton, CREATURE
ars_nouveau:wilden_guardian, MONSTER
ars_nouveau:wilden_boss, MONSTER
ars_nouveau:an_lightning, MISC
ars_nouveau:dummy, MISC
ars_nouveau:drygmy, CREATURE
ars_nouveau:orbit, MISC
ars_nouveau:spike, MISC
ars_nouveau:familiar_starbuncle, CREATURE
ars_nouveau:familiar_wixie, CREATURE
ars_nouveau:familiar_bookwyrm, CREATURE
ars_nouveau:familiar_drygmy, CREATURE
ars_nouveau:familiar_whirlisprig, CREATURE
ars_nouveau:familiar_amethyst_golem, CREATURE
ars_nouveau:linger, MISC
ars_nouveau:wall, MISC
ars_nouveau:cascading_weald_walker, CREATURE
ars_nouveau:flourishing_weald_walker, CREATURE
ars_nouveau:blazing_weald_walker, CREATURE
ars_nouveau:vexing_weald_walker, CREATURE
ars_nouveau:amethyst_golem, CREATURE
ars_nouveau:scryer_camera, MISC
ars_nouveau:enchanted_falling_block, MISC
ars_nouveau:ice_shard, MISC
ars_nouveau:enchanted_mage_block, MISC
ars_nouveau:enchanted_head_block, MISC
ars_nouveau:gift_starby, CREATURE
ars_nouveau:animated_block, MISC
ars_nouveau:animated_head, MISC
ars_nouveau:lily, MISC
ars_elemental:siren_entity, WATER_CREATURE
ars_elemental:siren_familiar, WATER_CREATURE
ars_elemental:firenando_entity, CREATURE
ars_elemental:firenando_familiar, CREATURE
ars_elemental:fire_mage, MONSTER
ars_elemental:water_mage, MONSTER
ars_elemental:air_mage, MONSTER
ars_elemental:earth_mage, MONSTER
ars_elemental:flashing_weald_walker, CREATURE
ars_elemental:summon_skelehorse, CREATURE
ars_elemental:summon_camel, CREATURE
ars_elemental:summon_direwolf, CREATURE
ars_elemental:summon_wskeleton, CREATURE
ars_elemental:summon_dolphin, WATER_CREATURE
ars_elemental:summon_strider, CREATURE
ars_elemental:summon_vhex, MONSTER
ars_elemental:linger_magnet, MISC
ars_elemental:lerp, MISC
ars_elemental:flash_lightning, MISC
ars_elemental:dripstone_spike, MISC
ars_elemental:ice_spike, MISC
biomeswevegone:man_o_war, WATER_CREATURE
biomeswevegone:pumpkin_warden, MISC
biomeswevegone:oddion, CREATURE
biomeswevegone:boat, MISC
biomeswevegone:chest_boat, MISC
biomeswevegone:wreath, MISC
creeperoverhaul:jungle_creeper, MONSTER
creeperoverhaul:bamboo_creeper, MONSTER
creeperoverhaul:desert_creeper, MONSTER
creeperoverhaul:badlands_creeper, MONSTER
creeperoverhaul:hills_creeper, MONSTER
creeperoverhaul:savannah_creeper, MONSTER
creeperoverhaul:mushroom_creeper, CREATURE
creeperoverhaul:swamp_creeper, MONSTER
creeperoverhaul:dripstone_creeper, MONSTER
creeperoverhaul:cave_creeper, MONSTER
creeperoverhaul:dark_oak_creeper, MONSTER
creeperoverhaul:spruce_creeper, MONSTER
creeperoverhaul:beach_creeper, MONSTER
creeperoverhaul:snowy_creeper, MONSTER
creeperoverhaul:ocean_creeper, MONSTER
naturalist:alligator, CREATURE
naturalist:bass, WATER_AMBIENT
naturalist:bear, CREATURE
naturalist:bluejay, CREATURE
naturalist:boar, CREATURE
naturalist:butterfly, AMBIENT
naturalist:canary, CREATURE
naturalist:cardinal, CREATURE
naturalist:caterpillar, CREATURE
naturalist:catfish, WATER_AMBIENT
naturalist:coral_snake, CREATURE
naturalist:deer, CREATURE
naturalist:dragonfly, AMBIENT
naturalist:duck, CREATURE
naturalist:duck_egg, MISC
naturalist:elephant, CREATURE
naturalist:firefly, AMBIENT
naturalist:finch, CREATURE
naturalist:giraffe, CREATURE
naturalist:hippo, CREATURE
naturalist:lion, CREATURE
naturalist:lizard, CREATURE
naturalist:lizard_tail, CREATURE
naturalist:moose, CREATURE
naturalist:rattlesnake, CREATURE
naturalist:rhino, CREATURE
naturalist:robin, CREATURE
naturalist:snail, CREATURE
naturalist:snake, CREATURE
naturalist:sparrow, CREATURE
naturalist:tortoise, CREATURE
naturalist:vulture, CREATURE
naturalist:zebra, CREATURE
piglinproliferation:piglin_alchemist, MONSTER
piglinproliferation:piglin_traveler, MONSTER
twilightforest:adherent, MONSTER
twilightforest:alpha_yeti, MONSTER
twilightforest:armored_giant, MONSTER
twilightforest:bighorn_sheep, CREATURE
twilightforest:blockchain_goblin, MONSTER
twilightforest:boar, CREATURE
twilightforest:boat, MISC
twilightforest:carminite_broodling, MONSTER
twilightforest:carminite_ghastguard, MONSTER
twilightforest:carminite_ghastling, MONSTER
twilightforest:carminite_golem, MONSTER
twilightforest:chain_block, MISC
twilightforest:charm_effect, MISC
twilightforest:chest_boat, MISC
twilightforest:cube_of_annihilation, MISC
twilightforest:death_tome, MONSTER
twilightforest:deer, CREATURE
twilightforest:dwarf_rabbit, CREATURE
twilightforest:falling_ice, MISC
twilightforest:fire_beetle, MONSTER
twilightforest:giant_miner, MONSTER
twilightforest:harbinger_cube, MONSTER
twilightforest:hedge_spider, MONSTER
twilightforest:helmet_crab, MONSTER
twilightforest:hostile_wolf, MONSTER
twilightforest:hydra, MONSTER
twilightforest:hydra_mortar, MISC
twilightforest:ice_arrow, MISC
twilightforest:thrown_ice, MISC
twilightforest:ice_crystal, MONSTER
twilightforest:ice_snowball, MISC
twilightforest:king_spider, MONSTER
twilightforest:knight_phantom, MONSTER
twilightforest:kobold, MONSTER
twilightforest:lich, MONSTER
twilightforest:lich_bolt, MISC
twilightforest:lich_bomb, MISC
twilightforest:lich_minion, MONSTER
twilightforest:lower_goblin_knight, MONSTER
twilightforest:loyal_zombie, MONSTER
twilightforest:maze_slime, MONSTER
twilightforest:minoshroom, MONSTER
twilightforest:minotaur, MONSTER
twilightforest:mist_wolf, MONSTER
twilightforest:moonworm_shot, MISC
twilightforest:mosquito_swarm, MONSTER
twilightforest:naga, MONSTER
twilightforest:nature_bolt, MISC
twilightforest:magic_painting, MISC
twilightforest:penguin, CREATURE
twilightforest:pinch_beetle, MONSTER
twilightforest:plateau_boss, MONSTER
twilightforest:quest_ram, CREATURE
twilightforest:raven, CREATURE
twilightforest:redcap, MONSTER
twilightforest:redcap_sapper, MONSTER
twilightforest:rising_zombie, MONSTER
twilightforest:roving_cube, MONSTER
twilightforest:seeker_arrow, MISC
twilightforest:skeleton_druid, MONSTER
twilightforest:slider, MISC
twilightforest:slime_beetle, MONSTER
twilightforest:slime_blob, MISC
twilightforest:snow_guardian, MONSTER
twilightforest:snow_queen, MONSTER
twilightforest:squirrel, CREATURE
twilightforest:stable_ice_core, MONSTER
twilightforest:swarm_spider, MONSTER
twilightforest:thrown_block, MISC
twilightforest:thrown_wep, MISC
twilightforest:tiny_bird, CREATURE
twilightforest:tome_bolt, MISC
twilightforest:towerwood_borer, MONSTER
twilightforest:troll, MONSTER
twilightforest:wand_bolt, MISC
twilightforest:unstable_ice_core, MONSTER
twilightforest:upper_goblin_knight, MONSTER
twilightforest:ur_ghast, MONSTER
twilightforest:winter_wolf, MONSTER
twilightforest:wraith, MONSTER
twilightforest:yeti, MONSTER
seafarer:sunfish, WATER_CREATURE
seafarer:crab, CREATURE
seafarer:horseshoe_crab, CREATURE
seafarer:marine_iguana, CREATURE
enigmaticaddons:dragon_breath_arrow, MISC
enigmaticaddons:cobweb_ball, MISC
enigmaticaddons:ultimate_dragon_fireball, MISC
enigmaticaddons:split_dragon_breath, MISC
enigmaticaddons:ichor_spear, MISC
enigmaticaddons:astral_spear, MISC
enigmaticaddons:evil_dagger, MISC
enigmaticaddons:magic_quartz_dagger, MISC
enigmaticaddons:disaster_chaos, MISC
enigmaticaddons:soul_flame_ball, MISC
enigmaticaddons:abyss_projectile, MISC
enigmaticaddons:explorer_marker, MISC
xercapaint:canvas, MISC
xercapaint:easel, MISC
golemoverhaul:barrel_golem, CREATURE
golemoverhaul:candle_golem, CREATURE
golemoverhaul:coal_golem, AMBIENT
golemoverhaul:hay_golem, CREATURE
golemoverhaul:honey_golem, CREATURE
golemoverhaul:kelp_golem, CREATURE
golemoverhaul:netherite_golem, CREATURE
golemoverhaul:slime_golem, MONSTER
golemoverhaul:terracotta_golem, CREATURE
golemoverhaul:candle_flame, MISC
golemoverhaul:mud_ball, MISC
golemoverhaul:honey_blob, MISC
deeperdarker:boat, MISC
deeperdarker:chest_boat, MISC
deeperdarker:angler_fish, WATER_CREATURE
deeperdarker:sculk_centipede, MONSTER
deeperdarker:sculk_leech, MONSTER
deeperdarker:sculk_snapper, MONSTER
deeperdarker:shattered, MONSTER
deeperdarker:shriek_worm, MONSTER
deeperdarker:sludge, MONSTER
deeperdarker:stalker, MONSTER
smallships:cannon_ball, MISC
smallships:cog, MISC
smallships:brigg, MISC
smallships:galley, MISC
smallships:drakkar, MISC
justoutdoorstuffs:entity_sit, MISC
netherdepthsupgrade:lava_pufferfish, WATER_AMBIENT
netherdepthsupgrade:obsidianfish, WATER_AMBIENT
netherdepthsupgrade:searing_cod, WATER_AMBIENT
netherdepthsupgrade:bonefish, WATER_AMBIENT
netherdepthsupgrade:wither_bonefish, WATER_AMBIENT
netherdepthsupgrade:blazefish, WATER_AMBIENT
netherdepthsupgrade:magmacubefish, WATER_AMBIENT
netherdepthsupgrade:glowdine, WATER_AMBIENT
netherdepthsupgrade:soulsucker, WATER_AMBIENT
netherdepthsupgrade:fortressgrouper, WATER_AMBIENT
netherdepthsupgrade:eyeball_fish, WATER_AMBIENT
blueprint:boat, MISC
blueprint:chest_boat, MISC
blueprint:falling_block, MISC
savage_and_ravage:skeleton_villager, MONSTER
savage_and_ravage:creepie, CREATURE
savage_and_ravage:griefer, MONSTER
savage_and_ravage:trickster, MONSTER
savage_and_ravage:mischief_arrow, MISC
savage_and_ravage:iceologer, MONSTER
savage_and_ravage:executioner, MONSTER
savage_and_ravage:spore_cloud, MISC
savage_and_ravage:spore_bomb, MISC
savage_and_ravage:ice_chunk, MISC
savage_and_ravage:ice_cloud, MISC
savage_and_ravage:rune_prison, MISC
savage_and_ravage:confusion_bolt, MISC
upgrade_aquatic:sonar_wave, MISC
upgrade_aquatic:nautilus, WATER_AMBIENT
upgrade_aquatic:pike, WATER_AMBIENT
upgrade_aquatic:perch, WATER_AMBIENT
upgrade_aquatic:lionfish, WATER_AMBIENT
upgrade_aquatic:thrasher, MONSTER
upgrade_aquatic:great_thrasher, MONSTER
upgrade_aquatic:flare, MONSTER
upgrade_aquatic:goose, CREATURE
upgrade_aquatic:box_jellyfish, WATER_CREATURE
upgrade_aquatic:cassiopea_jellyfish, WATER_CREATURE
upgrade_aquatic:immortal_jellyfish, WATER_CREATURE
buzzier_bees:grizzly_bear, CREATURE
buzzier_bees:moobloom, CREATURE
alexscaves:boat, MISC
alexscaves:chest_boat, MISC
alexscaves:moving_metal_block, MISC
alexscaves:teletor, MONSTER
alexscaves:magnetic_weapon, MISC
alexscaves:magnetron, MONSTER
alexscaves:boundroid, MONSTER
alexscaves:boundroid_winch, MONSTER
alexscaves:ferrouslime, MONSTER
alexscaves:notor, AMBIENT
alexscaves:quarry_smasher, MISC
alexscaves:seeking_arrow, MISC
alexscaves:subterranodon, cave_creature
alexscaves:vallumraptor, cave_creature
alexscaves:grottoceratops, cave_creature
alexscaves:trilocaris, WATER_AMBIENT
alexscaves:tremorsaurus, cave_creature
alexscaves:relicheirus, cave_creature
alexscaves:luxtructosaurus, MONSTER
alexscaves:tephra, MISC
alexscaves:atlatitan, cave_creature
alexscaves:falling_tree_block, MISC
alexscaves:crushed_block, MISC
alexscaves:limestone_spear, MISC
alexscaves:extinction_spear, MISC
alexscaves:dinosaur_spirit, MISC
alexscaves:nuclear_explosion, MISC
alexscaves:nuclear_bomb, MISC
alexscaves:nucleeper, MONSTER
alexscaves:radgill, WATER_AMBIENT
alexscaves:brainiac, MONSTER
alexscaves:thrown_waste_drum, MISC
alexscaves:gammaroach, AMBIENT
alexscaves:raycat, cave_creature
alexscaves:cinder_brick, MISC
alexscaves:tremorzilla, cave_creature
alexscaves:lanternfish, WATER_AMBIENT
alexscaves:sea_pig, deep_sea_creature
alexscaves:submarine, MISC
alexscaves:hullbreaker, UNDERGROUND_WATER_CREATURE
alexscaves:gossamer_worm, deep_sea_creature
alexscaves:tripodfish, deep_sea_creature
alexscaves:deep_one, MONSTER
alexscaves:ink_bomb, MISC
alexscaves:deep_one_knight, MONSTER
alexscaves:deep_one_mage, MONSTER
alexscaves:water_bolt, MISC
alexscaves:wave, MISC
alexscaves:mine_guardian, MONSTER
alexscaves:mine_guardian_anchor, MISC
alexscaves:depth_charge, MISC
alexscaves:floater, MISC
alexscaves:guano, MISC
alexscaves:falling_guano, MISC
alexscaves:gloomoth, AMBIENT
alexscaves:underzealot, MONSTER
alexscaves:watcher, MONSTER
alexscaves:corrodent, MONSTER
alexscaves:vesper, MONSTER
alexscaves:forsaken, MONSTER
alexscaves:beholder_eye, MISC
alexscaves:desolate_dagger, MISC
alexscaves:burrowing_arrow, MISC
alexscaves:dark_arrow, MISC
alexscaves:sweetish_fish, WATER_AMBIENT
alexscaves:caniac, MONSTER
alexscaves:gumbeeper, MONSTER
alexscaves:gumball, MISC
alexscaves:candicorn, cave_creature
alexscaves:gum_worm, MONSTER
alexscaves:gum_worm_segment, MISC
alexscaves:caramel_cube, MONSTER
alexscaves:melted_caramel, MISC
alexscaves:gummy_bear, cave_creature
alexscaves:licowitch, MONSTER
alexscaves:spinning_peppermint, MISC
alexscaves:sugar_staff_hex, MISC
alexscaves:gingerbread_man, MONSTER
alexscaves:thrown_ice_cream_scoop, MISC
alexscaves:falling_frostmint, MISC
alexscaves:candy_cane_hook, MISC
alexscaves:soda_bottle_rocket, MISC
alexscaves:frostmint_spear, MISC
labels:label, MISC
wyrmroost:lesser_desertwyrm, CREATURE
wyrmroost:overworld_drake, CREATURE
wyrmroost:silver_glider, CREATURE
wyrmroost:roost_stalker, CREATURE
wyrmroost:butterfly_leviathan, WATER_CREATURE
wyrmroost:dragon_fruit_drake, CREATURE
wyrmroost:canari_wyvern, CREATURE
wyrmroost:royal_red, CREATURE
wyrmroost:coin_dragon, CREATURE
wyrmroost:alpine, CREATURE
wyrmroost:blue_geode_tipped_arrow, MISC
wyrmroost:red_geode_tipped_arrow, MISC
wyrmroost:purple_geode_tipped_arrow, MISC
forbidden_arcanus:energy_ball, MISC
forbidden_arcanus:boom_arrow, MISC
forbidden_arcanus:draco_arcanus_arrow, MISC
forbidden_arcanus:crimson_lightning_bolt, MISC
forbidden_arcanus:boat, MISC
forbidden_arcanus:chest_boat, MISC
forbidden_arcanus:lost_soul, CREATURE
forbidden_arcanus:aureal_bottle, MISC
rottencreatures:burned, MONSTER
rottencreatures:frostbitten, MONSTER
rottencreatures:swampy, MONSTER
rottencreatures:undead_miner, MONSTER
rottencreatures:mummy, MONSTER
rottencreatures:glacial_hunter, MONSTER
rottencreatures:hunter_wolf, CREATURE
rottencreatures:scarab, MONSTER
rottencreatures:dead_beard, MONSTER
rottencreatures:zombie_lackey, MONSTER
rottencreatures:skeleton_lackey, MONSTER
rottencreatures:immortal, MONSTER
rottencreatures:zap, MONSTER
rottencreatures:primed_tnt_barrel, MISC
golems:golem, MISC
quark:quark_boat, MISC
quark:quark_chest_boat, MISC
quark:crab, CREATURE
quark:dyed_item_frame, MISC
quark:forgotten, MONSTER
quark:foxhound, CREATURE
quark:glass_frame, MISC
quark:gravisand, MISC
quark:parrot_egg, MISC
quark:pickarang, MISC
quark:flamerang, MISC
quark:shiba, CREATURE
quark:skull_pike, MISC
quark:stoneling, CREATURE
quark:stool, MISC
quark:torch_arrow, MISC
quark:toretoise, CREATURE
quark:totem, MISC
quark:wraith, MONSTER
quark:soul_bead, MISC
supplementaries:pearl_marker, MISC
supplementaries:dispenser_minecart, MISC
supplementaries:hat_stand, MISC
supplementaries:red_merchant, CREATURE
supplementaries:falling_urn, MISC
supplementaries:falling_ash, MISC
supplementaries:falling_sack, MISC
supplementaries:brick_projectile, MISC
supplementaries:slimeball_projectile, MISC
supplementaries:bomb, MISC
supplementaries:cannonball, MISC
supplementaries:rope_arrow, MISC
supplementaries:slingshot_projectile, MISC
amendments:medium_dragon_fireball, MISC
amendments:medium_fireball, MISC
amendments:ring_effect_cloud, MISC
amendments:falling_lantern, MISC
chocobos:chocobo, CREATURE
immersive_paintings:painting, MISC
immersive_paintings:glow_painting, MISC
immersive_paintings:graffiti, MISC
immersive_paintings:glow_graffiti, MISC
legendarycreatures:bullfrog, legendary_hostile_creature
legendarycreatures:butterfly, legendary_hostile_creature
legendarycreatures:desert_mojo, legendary_hostile_creature
legendarycreatures:dragonfly, legendary_hostile_creature
legendarycreatures:forest_mojo, legendary_hostile_creature
legendarycreatures:hermit_crab, legendary_hostile_creature
legendarycreatures:hound, legendary_hostile_creature
legendarycreatures:mantis, legendary_hostile_creature
legendarycreatures:ladybug, legendary_hostile_creature
legendarycreatures:scarab, legendary_hostile_creature
legendarycreatures:scarecrow, legendary_hostile_creature
legendarycreatures:scorpion, legendary_hostile_creature
legendarycreatures:scorpion_baby, legendary_hostile_creature
legendarycreatures:wisp, CREATURE
legendarycreatures:wisp_purse, MISC
legendarycreatures:nether_wisp, CREATURE
legendarycreatures:nether_wisp_purse, MISC
legendarycreatures:ender_wisp, CREATURE
legendarycreatures:ender_wisp_purse, MISC
legendarycreatures:corpse_eater, legendary_hostile_creature
legendarycreatures:peacock_spider, legendary_hostile_creature
bettertridents:loyal_item, MISC
bettertridents:loyal_experience_orb, MISC
crabbersdelight:crab, WATER_AMBIENT
